[    6148ms] [LOG] Initializing home page... @ http://localhost:3012/assets/plugin_assets/redmineflux_scarlet/home_page-35786af4.js:18
[    6148ms] [LOG] Welcome header created @ http://localhost:3012/assets/plugin_assets/redmineflux_scarlet/home_page-35786af4.js:95
[   21899ms] ReferenceError: keepAnchorOnSignIn is not defined
    at HTMLFormElement.onsubmit (http://localhost:3012/login:925:161)
[   22495ms] [LOG] Initializing home page... @ http://localhost:3012/assets/plugin_assets/redmineflux_scarlet/home_page-35786af4.js:18
[   22496ms] [LOG] Welcome header created @ http://localhost:3012/assets/plugin_assets/redmineflux_scarlet/home_page-35786af4.js:95
[   43502ms] Unexpected token ';'
[   43503ms] Identifier 'lastJstPreviewed' has already been declared
[  294352ms] [ERROR] Failed to load resource: net::ERR_EMPTY_RESPONSE @ http://localhost:3012/time_tracker/get_running_timer:0
[  299353ms] [ERROR] Failed to load resource: net::ERR_EMPTY_RESPONSE @ http://localhost:3012/time_tracker/get_running_timer:0
[  304398ms] [ERROR] Failed to load resource: net::ERR_EMPTY_RESPONSE @ http://localhost:3012/time_tracker/get_running_timer:0
[  309351ms] [ERROR] Failed to load resource: net::ERR_EMPTY_RESPONSE @ http://localhost:3012/time_tracker/get_running_timer:0
[  314358ms] [ERROR] Failed to load resource: net::ERR_EMPTY_RESPONSE @ http://localhost:3012/time_tracker/get_running_timer:0
[  319355ms] [ERROR] Failed to load resource: net::ERR_EMPTY_RESPONSE @ http://localhost:3012/time_tracker/get_running_timer:0
[  324349ms] [ERROR] Failed to load resource: net::ERR_EMPTY_RESPONSE @ http://localhost:3012/time_tracker/get_running_timer:0
[  329352ms] [ERROR] Failed to load resource: net::ERR_EMPTY_RESPONSE @ http://localhost:3012/time_tracker/get_running_timer:0
[  334356ms] [ERROR] Failed to load resource: net::ERR_EMPTY_RESPONSE @ http://localhost:3012/time_tracker/get_running_timer:0
[  339361ms] [ERROR] Failed to load resource: net::ERR_EMPTY_RESPONSE @ http://localhost:3012/time_tracker/get_running_timer:0
[  344347ms] [ERROR] Failed to load resource: net::ERR_EMPTY_RESPONSE @ http://localhost:3012/time_tracker/get_running_timer:0
[  349369ms] [ERROR] Failed to load resource: net::ERR_EMPTY_RESPONSE @ http://localhost:3012/time_tracker/get_running_timer:0
