[     263ms] [LOG] [RfGantt] rf_gantt_utils.js loaded @ https://flux-fczk00paf49.forge.zehntech.com/assets/plugin_assets/redmineflux_gantt_plugin/rf_gantt_utils-58e4489f.js:6
[     270ms] [LOG] [RfGantt] rf_gantt_app.js loaded @ https://flux-fczk00paf49.forge.zehntech.com/assets/plugin_assets/redmineflux_gantt_plugin/rf_gantt_app-89211801.js:162
[     312ms] [LOG] [RfGantt] Initializing Flux Gantt Plugin... @ https://flux-fczk00paf49.forge.zehntech.com/assets/plugin_assets/redmineflux_gantt_plugin/rf_gantt_app-89211801.js:189
[     313ms] [LOG] [RfGantt][CustomFields][Project] bootstrap {trackerCount: 3, issueCustomFieldTrackerKeys: Array(0), versionCustomFieldCount: 0} @ https://flux-fczk00paf49.forge.zehntech.com/assets/plugin_assets/redmineflux_gantt_plugin/rf_gantt_app-89211801.js:245
[     361ms] [LOG] [RfGantt] Init complete. Fetching versions from /projects/fluxganttproject/flux_gantt/versions @ https://flux-fczk00paf49.forge.zehntech.com/assets/plugin_assets/redmineflux_gantt_plugin/rf_gantt_app-89211801.js:415
[     574ms] [LOG] [RfGantt] Versions API response: {versions: Array(4), date_range: Object} @ https://flux-fczk00paf49.forge.zehntech.com/assets/plugin_assets/redmineflux_gantt_plugin/rf_gantt_app-89211801.js:418
[     575ms] [LOG] [RfGantt] Loaded 4 versions @ https://flux-fczk00paf49.forge.zehntech.com/assets/plugin_assets/redmineflux_gantt_plugin/rf_gantt_app-89211801.js:420
[   12506ms] [LOG] [RfGantt][CustomFields][IssueModal] lookup {mode: project, trackerId: 4, projectId: , sourceKeys: Array(0), rawFieldCount: 0} @ https://flux-fczk00paf49.forge.zehntech.com/assets/plugin_assets/redmineflux_gantt_plugin/rf_gantt_modal-e46f5e12.js:548
[   12506ms] [LOG] [RfGantt][CustomFields][IssueModal] render {mode: project, trackerId: 4, projectId: , fieldCount: 0, fields: Array(0)} @ https://flux-fczk00paf49.forge.zehntech.com/assets/plugin_assets/redmineflux_gantt_plugin/rf_gantt_modal-e46f5e12.js:518
[   33590ms] [WARNING] The specified value "09/09/2026" does not conform to the required format, "yyyy-MM-dd". @ :7479
[   66263ms] [LOG] [RfGantt][CustomFields][IssueModal] lookup {mode: project, trackerId: 4, projectId: null, sourceKeys: Array(0), rawFieldCount: 0} @ https://flux-fczk00paf49.forge.zehntech.com/assets/plugin_assets/redmineflux_gantt_plugin/rf_gantt_modal-e46f5e12.js:548
[   66343ms] [ERROR] Failed to load resource: the server responded with a status of 422 () @ https://flux-fczk00paf49.forge.zehntech.com/projects/fluxganttproject/flux_gantt/issues:0
[   91421ms] [LOG] [RfGantt][CustomFields][IssueModal] lookup {mode: project, trackerId: 4, projectId: null, sourceKeys: Array(0), rawFieldCount: 0} @ https://flux-fczk00paf49.forge.zehntech.com/assets/plugin_assets/redmineflux_gantt_plugin/rf_gantt_modal-e46f5e12.js:548
[   99653ms] [LOG] [RfGantt][CustomFields][VersionModal] lookup {rawFieldCount: 0, rawFields: Array(0), currentValues: Array(0), mergedFieldCount: 0, sanitizedFieldCount: 0} @ https://flux-fczk00paf49.forge.zehntech.com/assets/plugin_assets/redmineflux_gantt_plugin/rf_gantt_modal-e46f5e12.js:570
[   99654ms] [LOG] [RfGantt][CustomFields][VersionModal] render {fieldCount: 0, fields: Array(0)} @ https://flux-fczk00paf49.forge.zehntech.com/assets/plugin_assets/redmineflux_gantt_plugin/rf_gantt_modal-e46f5e12.js:532
[  172080ms] [LOG] [RfGanttUnversionedDnd] dragstart {issueId: 266, stateMode: project} @ https://flux-fczk00paf49.forge.zehntech.com/assets/plugin_assets/redmineflux_gantt_plugin/rf_gantt_unversioned-2d22930a.js:53
[  172102ms] [LOG] [RfGanttUnversionedDnd] resolve-drop-date {clientX: 1381, bodyLeft: 456, bodyScrollLeft: 0, x: 925, date: 2026-09-28} @ https://flux-fczk00paf49.forge.zehntech.com/assets/plugin_assets/redmineflux_gantt_plugin/rf_gantt_unversioned-2d22930a.js:53
[  172103ms] [LOG] [RfGanttUnversionedDnd] dragover-valid {issueId: 266, versionId: 1, dropDate: 2026-09-28} @ https://flux-fczk00paf49.forge.zehntech.com/assets/plugin_assets/redmineflux_gantt_plugin/rf_gantt_unversioned-2d22930a.js:53
[  172114ms] [LOG] [RfGanttUnversionedDnd] resolve-drop-date {clientX: 1381, bodyLeft: 456, bodyScrollLeft: 0, x: 925, date: 2026-09-28} @ https://flux-fczk00paf49.forge.zehntech.com/assets/plugin_assets/redmineflux_gantt_plugin/rf_gantt_unversioned-2d22930a.js:53
[  172114ms] [LOG] [RfGanttUnversionedDnd] drop-attempt {issueId: 266, rowVersionId: 1, contextValid: true, reason: null, dropDate: 2026-09-28} @ https://flux-fczk00paf49.forge.zehntech.com/assets/plugin_assets/redmineflux_gantt_plugin/rf_gantt_unversioned-2d22930a.js:53
[  172114ms] [LOG] [RfGanttUnversionedDnd] drop-local-remove {issueId: 266, removed: true, unversionedCountAfterRemove: 7} @ https://flux-fczk00paf49.forge.zehntech.com/assets/plugin_assets/redmineflux_gantt_plugin/rf_gantt_unversioned-2d22930a.js:53
[  172143ms] [LOG] [RfGanttUnversionedDnd] dragend {issueId: 266} @ https://flux-fczk00paf49.forge.zehntech.com/assets/plugin_assets/redmineflux_gantt_plugin/rf_gantt_unversioned-2d22930a.js:53
[  172281ms] [LOG] [RfGanttUnversionedDnd] updateIssue-dates-response {issueId: 266, start_date: 2026-09-28, due_date: 2026-09-28, success: true, errors: null} @ https://flux-fczk00paf49.forge.zehntech.com/assets/plugin_assets/redmineflux_gantt_plugin/rf_gantt_unversioned-2d22930a.js:53
[  172392ms] [LOG] [RfGanttUnversionedDnd] assignVersion-response {issueId: 266, versionId: 1, success: true, errors: null} @ https://flux-fczk00paf49.forge.zehntech.com/assets/plugin_assets/redmineflux_gantt_plugin/rf_gantt_unversioned-2d22930a.js:53
[  172410ms] [LOG] [RfGanttUnversionedDnd] refresh-version-after-drop {versionId: 1, issueId: 266, showLoader: true} @ https://flux-fczk00paf49.forge.zehntech.com/assets/plugin_assets/redmineflux_gantt_plugin/rf_gantt_unversioned-2d22930a.js:53
[  208808ms] [LOG] [RfGantt][CustomFields][IssueModal] lookup {mode: project, trackerId: 4, projectId: , sourceKeys: Array(0), rawFieldCount: 0} @ https://flux-fczk00paf49.forge.zehntech.com/assets/plugin_assets/redmineflux_gantt_plugin/rf_gantt_modal-e46f5e12.js:548
[  208808ms] [LOG] [RfGantt][CustomFields][IssueModal] render {mode: project, trackerId: 4, projectId: , fieldCount: 0, fields: Array(0)} @ https://flux-fczk00paf49.forge.zehntech.com/assets/plugin_assets/redmineflux_gantt_plugin/rf_gantt_modal-e46f5e12.js:518
[  488590ms] [LOG] [RfGantt][CustomFields][VersionModal] lookup {rawFieldCount: 0, rawFields: Array(0), currentValues: Array(0), mergedFieldCount: 0, sanitizedFieldCount: 0} @ https://flux-fczk00paf49.forge.zehntech.com/assets/plugin_assets/redmineflux_gantt_plugin/rf_gantt_modal-e46f5e12.js:570
[  488590ms] [LOG] [RfGantt][CustomFields][VersionModal] render {fieldCount: 0, fields: Array(0)} @ https://flux-fczk00paf49.forge.zehntech.com/assets/plugin_assets/redmineflux_gantt_plugin/rf_gantt_modal-e46f5e12.js:532
[  574731ms] [LOG] [RfGantt] rf_gantt_utils.js loaded @ https://flux-fczk00paf49.forge.zehntech.com/assets/plugin_assets/redmineflux_gantt_plugin/rf_gantt_utils-58e4489f.js:6
[  574736ms] [LOG] [RfGantt] rf_gantt_app.js loaded @ https://flux-fczk00paf49.forge.zehntech.com/assets/plugin_assets/redmineflux_gantt_plugin/rf_gantt_app-89211801.js:162
[  574760ms] [LOG] [RfGantt] Initializing Global Flux Gantt... @ https://flux-fczk00paf49.forge.zehntech.com/assets/plugin_assets/redmineflux_gantt_plugin/rf_gantt_app-89211801.js:962
[  574760ms] [LOG] [RfGantt][CustomFields][Global] bootstrap {projectKeys: Array(9), trackerCount: 3} @ https://flux-fczk00paf49.forge.zehntech.com/assets/plugin_assets/redmineflux_gantt_plugin/rf_gantt_app-89211801.js:999
[  611406ms] [LOG] [RfGantt] rf_gantt_utils.js loaded @ https://flux-fczk00paf49.forge.zehntech.com/assets/plugin_assets/redmineflux_gantt_plugin/rf_gantt_utils-58e4489f.js:6
[  611408ms] [LOG] [RfGantt] rf_gantt_app.js loaded @ https://flux-fczk00paf49.forge.zehntech.com/assets/plugin_assets/redmineflux_gantt_plugin/rf_gantt_app-89211801.js:162
[  611433ms] [LOG] [RfGantt] Initializing Flux Gantt Plugin... @ https://flux-fczk00paf49.forge.zehntech.com/assets/plugin_assets/redmineflux_gantt_plugin/rf_gantt_app-89211801.js:189
[  611434ms] [LOG] [RfGantt][CustomFields][Project] bootstrap {trackerCount: 3, issueCustomFieldTrackerKeys: Array(0), versionCustomFieldCount: 0} @ https://flux-fczk00paf49.forge.zehntech.com/assets/plugin_assets/redmineflux_gantt_plugin/rf_gantt_app-89211801.js:245
[  611464ms] [LOG] [RfGantt] Init complete. Fetching versions from /projects/fluxganttproject/flux_gantt/versions @ https://flux-fczk00paf49.forge.zehntech.com/assets/plugin_assets/redmineflux_gantt_plugin/rf_gantt_app-89211801.js:415
[  611532ms] [LOG] [RfGantt] Versions API response: {versions: Array(4), date_range: Object} @ https://flux-fczk00paf49.forge.zehntech.com/assets/plugin_assets/redmineflux_gantt_plugin/rf_gantt_app-89211801.js:418
[  611532ms] [LOG] [RfGantt] Loaded 4 versions @ https://flux-fczk00paf49.forge.zehntech.com/assets/plugin_assets/redmineflux_gantt_plugin/rf_gantt_app-89211801.js:420
[  616373ms] [LOG] [RfGantt][CustomFields][VersionModal] lookup {rawFieldCount: 0, rawFields: Array(0), currentValues: Array(0), mergedFieldCount: 0, sanitizedFieldCount: 0} @ https://flux-fczk00paf49.forge.zehntech.com/assets/plugin_assets/redmineflux_gantt_plugin/rf_gantt_modal-e46f5e12.js:570
[  616374ms] [LOG] [RfGantt][CustomFields][VersionModal] render {fieldCount: 0, fields: Array(0)} @ https://flux-fczk00paf49.forge.zehntech.com/assets/plugin_assets/redmineflux_gantt_plugin/rf_gantt_modal-e46f5e12.js:532
[ 1493365ms] [LOG] [RfGantt][CustomFields][VersionModal] lookup {rawFieldCount: 0, rawFields: Array(0), currentValues: undefined, mergedFieldCount: 0, sanitizedFieldCount: 0} @ https://flux-fczk00paf49.forge.zehntech.com/assets/plugin_assets/redmineflux_gantt_plugin/rf_gantt_modal-e46f5e12.js:570
[ 1493365ms] [LOG] [RfGantt][CustomFields][VersionModal] render {fieldCount: 0, fields: Array(0)} @ https://flux-fczk00paf49.forge.zehntech.com/assets/plugin_assets/redmineflux_gantt_plugin/rf_gantt_modal-e46f5e12.js:532
[ 1499010ms] [LOG] [RfGantt][CustomFields][VersionModal] lookup {rawFieldCount: 0, rawFields: Array(0), currentValues: undefined, mergedFieldCount: 0, sanitizedFieldCount: 0} @ https://flux-fczk00paf49.forge.zehntech.com/assets/plugin_assets/redmineflux_gantt_plugin/rf_gantt_modal-e46f5e12.js:570
[ 1526856ms] [LOG] [RfGantt][CustomFields][VersionModal] lookup {rawFieldCount: 0, rawFields: Array(0), currentValues: undefined, mergedFieldCount: 0, sanitizedFieldCount: 0} @ https://flux-fczk00paf49.forge.zehntech.com/assets/plugin_assets/redmineflux_gantt_plugin/rf_gantt_modal-e46f5e12.js:570
[ 1542587ms] [LOG] [RfGantt][CustomFields][IssueModal] lookup {mode: project, trackerId: 4, projectId: , sourceKeys: Array(0), rawFieldCount: 0} @ https://flux-fczk00paf49.forge.zehntech.com/assets/plugin_assets/redmineflux_gantt_plugin/rf_gantt_modal-e46f5e12.js:548
[ 1542587ms] [LOG] [RfGantt][CustomFields][IssueModal] render {mode: project, trackerId: 4, projectId: , fieldCount: 0, fields: Array(0)} @ https://flux-fczk00paf49.forge.zehntech.com/assets/plugin_assets/redmineflux_gantt_plugin/rf_gantt_modal-e46f5e12.js:518
[ 1548694ms] [LOG] [RfGantt][CustomFields][IssueModal] lookup {mode: project, trackerId: 4, projectId: null, sourceKeys: Array(0), rawFieldCount: 0} @ https://flux-fczk00paf49.forge.zehntech.com/assets/plugin_assets/redmineflux_gantt_plugin/rf_gantt_modal-e46f5e12.js:548
[ 1559790ms] [LOG] [RfGantt][CustomFields][VersionModal] lookup {rawFieldCount: 0, rawFields: Array(0), currentValues: Array(0), mergedFieldCount: 0, sanitizedFieldCount: 0} @ https://flux-fczk00paf49.forge.zehntech.com/assets/plugin_assets/redmineflux_gantt_plugin/rf_gantt_modal-e46f5e12.js:570
[ 1559790ms] [LOG] [RfGantt][CustomFields][VersionModal] render {fieldCount: 0, fields: Array(0)} @ https://flux-fczk00paf49.forge.zehntech.com/assets/plugin_assets/redmineflux_gantt_plugin/rf_gantt_modal-e46f5e12.js:532
[ 1583426ms] [LOG] [RfGantt][CustomFields][VersionModal] lookup {rawFieldCount: 0, rawFields: Array(0), currentValues: undefined, mergedFieldCount: 0, sanitizedFieldCount: 0} @ https://flux-fczk00paf49.forge.zehntech.com/assets/plugin_assets/redmineflux_gantt_plugin/rf_gantt_modal-e46f5e12.js:570
[ 1603902ms] [LOG] [RfGantt][CustomFields][IssueModal] lookup {mode: project, trackerId: 4, projectId: , sourceKeys: Array(0), rawFieldCount: 0} @ https://flux-fczk00paf49.forge.zehntech.com/assets/plugin_assets/redmineflux_gantt_plugin/rf_gantt_modal-e46f5e12.js:548
[ 1603902ms] [LOG] [RfGantt][CustomFields][IssueModal] render {mode: project, trackerId: 4, projectId: , fieldCount: 0, fields: Array(0)} @ https://flux-fczk00paf49.forge.zehntech.com/assets/plugin_assets/redmineflux_gantt_plugin/rf_gantt_modal-e46f5e12.js:518
[ 1628758ms] [LOG] [RfGantt][CustomFields][IssueModal] lookup {mode: project, trackerId: 4, projectId: null, sourceKeys: Array(0), rawFieldCount: 0} @ https://flux-fczk00paf49.forge.zehntech.com/assets/plugin_assets/redmineflux_gantt_plugin/rf_gantt_modal-e46f5e12.js:548
[ 1646258ms] [LOG] [RfGantt][CustomFields][IssueModal] lookup {mode: project, trackerId: 4, projectId: null, sourceKeys: Array(0), rawFieldCount: 0} @ https://flux-fczk00paf49.forge.zehntech.com/assets/plugin_assets/redmineflux_gantt_plugin/rf_gantt_modal-e46f5e12.js:548
[ 1690695ms] [LOG] [RfGanttUnversionedDnd] dragstart {issueId: 267, stateMode: project} @ https://flux-fczk00paf49.forge.zehntech.com/assets/plugin_assets/redmineflux_gantt_plugin/rf_gantt_unversioned-2d22930a.js:53
[ 1690706ms] [LOG] [RfGanttUnversionedDnd] resolve-drop-date {clientX: 1381, bodyLeft: 456, bodyScrollLeft: 0, x: 925, date: 2026-09-28} @ https://flux-fczk00paf49.forge.zehntech.com/assets/plugin_assets/redmineflux_gantt_plugin/rf_gantt_unversioned-2d22930a.js:53
[ 1690706ms] [LOG] [RfGanttUnversionedDnd] dragover-valid {issueId: 267, versionId: 1, dropDate: 2026-09-28} @ https://flux-fczk00paf49.forge.zehntech.com/assets/plugin_assets/redmineflux_gantt_plugin/rf_gantt_unversioned-2d22930a.js:53
[ 1690713ms] [LOG] [RfGanttUnversionedDnd] resolve-drop-date {clientX: 1381, bodyLeft: 456, bodyScrollLeft: 0, x: 925, date: 2026-09-28} @ https://flux-fczk00paf49.forge.zehntech.com/assets/plugin_assets/redmineflux_gantt_plugin/rf_gantt_unversioned-2d22930a.js:53
[ 1690713ms] [LOG] [RfGanttUnversionedDnd] drop-attempt {issueId: 267, rowVersionId: 1, contextValid: true, reason: null, dropDate: 2026-09-28} @ https://flux-fczk00paf49.forge.zehntech.com/assets/plugin_assets/redmineflux_gantt_plugin/rf_gantt_unversioned-2d22930a.js:53
[ 1690714ms] [LOG] [RfGanttUnversionedDnd] drop-local-remove {issueId: 267, removed: true, unversionedCountAfterRemove: 7} @ https://flux-fczk00paf49.forge.zehntech.com/assets/plugin_assets/redmineflux_gantt_plugin/rf_gantt_unversioned-2d22930a.js:53
[ 1690744ms] [LOG] [RfGanttUnversionedDnd] dragend {issueId: 267} @ https://flux-fczk00paf49.forge.zehntech.com/assets/plugin_assets/redmineflux_gantt_plugin/rf_gantt_unversioned-2d22930a.js:53
[ 1690899ms] [LOG] [RfGanttUnversionedDnd] updateIssue-dates-response {issueId: 267, start_date: 2026-09-28, due_date: 2026-09-28, success: true, errors: null} @ https://flux-fczk00paf49.forge.zehntech.com/assets/plugin_assets/redmineflux_gantt_plugin/rf_gantt_unversioned-2d22930a.js:53
[ 1691020ms] [LOG] [RfGanttUnversionedDnd] assignVersion-response {issueId: 267, versionId: 1, success: true, errors: null} @ https://flux-fczk00paf49.forge.zehntech.com/assets/plugin_assets/redmineflux_gantt_plugin/rf_gantt_unversioned-2d22930a.js:53
[ 1691037ms] [LOG] [RfGanttUnversionedDnd] refresh-version-after-drop {versionId: 1, issueId: 267, showLoader: true} @ https://flux-fczk00paf49.forge.zehntech.com/assets/plugin_assets/redmineflux_gantt_plugin/rf_gantt_unversioned-2d22930a.js:53
[ 1700916ms] [LOG] [RfGantt][CustomFields][IssueModal] lookup {mode: project, trackerId: 4, projectId: , sourceKeys: Array(0), rawFieldCount: 0} @ https://flux-fczk00paf49.forge.zehntech.com/assets/plugin_assets/redmineflux_gantt_plugin/rf_gantt_modal-e46f5e12.js:548
[ 1700916ms] [LOG] [RfGantt][CustomFields][IssueModal] render {mode: project, trackerId: 4, projectId: , fieldCount: 0, fields: Array(0)} @ https://flux-fczk00paf49.forge.zehntech.com/assets/plugin_assets/redmineflux_gantt_plugin/rf_gantt_modal-e46f5e12.js:518
[ 1700933ms] [LOG] [RfGantt][CustomFields][IssueModal] lookup {mode: project, trackerId: 4, projectId: , sourceKeys: Array(0), rawFieldCount: 0} @ https://flux-fczk00paf49.forge.zehntech.com/assets/plugin_assets/redmineflux_gantt_plugin/rf_gantt_modal-e46f5e12.js:548
[ 1700933ms] [LOG] [RfGantt][CustomFields][IssueModal] render {mode: project, trackerId: 4, projectId: , fieldCount: 0, fields: Array(0)} @ https://flux-fczk00paf49.forge.zehntech.com/assets/plugin_assets/redmineflux_gantt_plugin/rf_gantt_modal-e46f5e12.js:518
[ 1720679ms] [LOG] [RfGantt][UpdateIssue] data collected: {"subject":"","project_id":null,"tracker_id":"4","fixed_version_id":"1","estimated_hours":null,"color":"#9ad9ae","assigned_to_id":null,"custom_field_values":{},"start_date":"2026-09-28","due_date":"2026-09-28"} @ https://flux-fczk00paf49.forge.zehntech.com/assets/plugin_assets/redmineflux_gantt_plugin/rf_gantt_modal-e46f5e12.js:971
[ 1720679ms] [LOG] [RfGantt][CustomFields][IssueModal] lookup {mode: project, trackerId: 4, projectId: null, sourceKeys: Array(0), rawFieldCount: 0} @ https://flux-fczk00paf49.forge.zehntech.com/assets/plugin_assets/redmineflux_gantt_plugin/rf_gantt_modal-e46f5e12.js:548
[ 1720679ms] [LOG] [RfGantt][UpdateIssue] validation errors: [Der Betreff darf nicht leer sein, Geschätzte Stunden sind erforderlich] @ https://flux-fczk00paf49.forge.zehntech.com/assets/plugin_assets/redmineflux_gantt_plugin/rf_gantt_modal-e46f5e12.js:1003
