[     653ms] Identifier 'lastJstPreviewed' has already been declared
[   15269ms] Identifier 'lastJstPreviewed' has already been declared
[  395678ms] [LOG] [RfGantt] rf_gantt_utils.js loaded @ https://flux-frtsiofsm49.forge.zehntech.com/assets/plugin_assets/redmineflux_gantt_plugin/rf_gantt_utils-58e4489f.js:6
[  395681ms] [LOG] [RfGantt] rf_gantt_app.js loaded @ https://flux-frtsiofsm49.forge.zehntech.com/assets/plugin_assets/redmineflux_gantt_plugin/rf_gantt_app-89211801.js:162
[  395704ms] [LOG] [RfGantt] Initializing Global Flux Gantt... @ https://flux-frtsiofsm49.forge.zehntech.com/assets/plugin_assets/redmineflux_gantt_plugin/rf_gantt_app-89211801.js:962
[  395704ms] [LOG] [RfGantt][CustomFields][Global] bootstrap {projectKeys: Array(9), trackerCount: 3} @ https://flux-frtsiofsm49.forge.zehntech.com/assets/plugin_assets/redmineflux_gantt_plugin/rf_gantt_app-89211801.js:999
[  405435ms] [LOG] [RfGantt] rf_gantt_utils.js loaded @ https://flux-frtsiofsm49.forge.zehntech.com/assets/plugin_assets/redmineflux_gantt_plugin/rf_gantt_utils-58e4489f.js:6
[  405452ms] [LOG] [RfGantt] rf_gantt_app.js loaded @ https://flux-frtsiofsm49.forge.zehntech.com/assets/plugin_assets/redmineflux_gantt_plugin/rf_gantt_app-89211801.js:162
[  405456ms] [LOG] [RfGantt] Initializing Flux Gantt Plugin... @ https://flux-frtsiofsm49.forge.zehntech.com/assets/plugin_assets/redmineflux_gantt_plugin/rf_gantt_app-89211801.js:189
[  405456ms] [LOG] [RfGantt][CustomFields][Project] bootstrap {trackerCount: 3, issueCustomFieldTrackerKeys: Array(0), versionCustomFieldCount: 0} @ https://flux-frtsiofsm49.forge.zehntech.com/assets/plugin_assets/redmineflux_gantt_plugin/rf_gantt_app-89211801.js:245
[  405481ms] [LOG] [RfGantt] Init complete. Fetching versions from /projects/fluxganttproject/flux_gantt/versions @ https://flux-frtsiofsm49.forge.zehntech.com/assets/plugin_assets/redmineflux_gantt_plugin/rf_gantt_app-89211801.js:415
[  405647ms] [LOG] [RfGantt] Versions API response: {versions: Array(4), date_range: Object} @ https://flux-frtsiofsm49.forge.zehntech.com/assets/plugin_assets/redmineflux_gantt_plugin/rf_gantt_app-89211801.js:418
[  405647ms] [LOG] [RfGantt] Loaded 4 versions @ https://flux-frtsiofsm49.forge.zehntech.com/assets/plugin_assets/redmineflux_gantt_plugin/rf_gantt_app-89211801.js:420
[  427073ms] [ERROR] Failed to load resource: the server responded with a status of 422 () @ https://flux-frtsiofsm49.forge.zehntech.com/projects/fluxganttproject/flux_gantt/issues/242:0
[  429682ms] [ERROR] Failed to load resource: the server responded with a status of 422 () @ https://flux-frtsiofsm49.forge.zehntech.com/projects/fluxganttproject/flux_gantt/issues/242:0
[  431438ms] [ERROR] Failed to load resource: the server responded with a status of 422 () @ https://flux-frtsiofsm49.forge.zehntech.com/projects/fluxganttproject/flux_gantt/issues/242:0
[  435102ms] [ERROR] Failed to load resource: the server responded with a status of 422 () @ https://flux-frtsiofsm49.forge.zehntech.com/projects/fluxganttproject/flux_gantt/issues/242:0
[  438667ms] [LOG] [RfGantt] rf_gantt_utils.js loaded @ https://flux-frtsiofsm49.forge.zehntech.com/assets/plugin_assets/redmineflux_gantt_plugin/rf_gantt_utils-58e4489f.js:6
[  438669ms] [LOG] [RfGantt] rf_gantt_app.js loaded @ https://flux-frtsiofsm49.forge.zehntech.com/assets/plugin_assets/redmineflux_gantt_plugin/rf_gantt_app-89211801.js:162
[  438683ms] [LOG] [RfGantt] Initializing Flux Gantt Plugin... @ https://flux-frtsiofsm49.forge.zehntech.com/assets/plugin_assets/redmineflux_gantt_plugin/rf_gantt_app-89211801.js:189
[  438684ms] [LOG] [RfGantt][CustomFields][Project] bootstrap {trackerCount: 3, issueCustomFieldTrackerKeys: Array(0), versionCustomFieldCount: 0} @ https://flux-frtsiofsm49.forge.zehntech.com/assets/plugin_assets/redmineflux_gantt_plugin/rf_gantt_app-89211801.js:245
[  438706ms] [LOG] [RfGantt] Init complete. Fetching versions from /projects/fluxganttproject/flux_gantt/versions @ https://flux-frtsiofsm49.forge.zehntech.com/assets/plugin_assets/redmineflux_gantt_plugin/rf_gantt_app-89211801.js:415
[  438819ms] [LOG] [RfGantt] Versions API response: {versions: Array(4), date_range: Object} @ https://flux-frtsiofsm49.forge.zehntech.com/assets/plugin_assets/redmineflux_gantt_plugin/rf_gantt_app-89211801.js:418
[  438819ms] [LOG] [RfGantt] Loaded 4 versions @ https://flux-frtsiofsm49.forge.zehntech.com/assets/plugin_assets/redmineflux_gantt_plugin/rf_gantt_app-89211801.js:420
