[   42927ms] Identifier 'lastJstPreviewed' has already been declared
[   43117ms] [ERROR] Failed to load resource: the server responded with a status of 403 (Forbidden) @ http://localhost:3012/all_custom_fields.json:0
[   46400ms] [ERROR] Failed to load resource: the server responded with a status of 404 (Not Found) @ http://localhost:3012/plugin_assets/redmineflux_scarlet/images/priority_medium.svg:0
[   46428ms] [ERROR] Failed to load resource: the server responded with a status of 403 (Forbidden) @ http://localhost:3012/all_custom_fields.json:0
[   46445ms] [ERROR] Failed to load resource: the server responded with a status of 403 (Forbidden) @ http://localhost:3012/all_custom_fields.json:0
[   48374ms] [LOG] Initializing home page... @ http://localhost:3012/assets/plugin_assets/redmineflux_scarlet/home_page-35786af4.js:18
[   48375ms] [LOG] Welcome header created @ http://localhost:3012/assets/plugin_assets/redmineflux_scarlet/home_page-35786af4.js:95
[   51877ms] ReferenceError: keepAnchorOnSignIn is not defined
    at HTMLFormElement.onsubmit (http://localhost:3012/login:960:161)
[   52261ms] [LOG] Initializing home page... @ http://localhost:3012/assets/plugin_assets/redmineflux_scarlet/home_page-35786af4.js:18
[   52262ms] [LOG] Welcome header created @ http://localhost:3012/assets/plugin_assets/redmineflux_scarlet/home_page-35786af4.js:95
[  229838ms] [LOG] Initializing home page... @ http://localhost:3012/assets/plugin_assets/redmineflux_scarlet/home_page-35786af4.js:18
[  229838ms] [LOG] Welcome header created @ http://localhost:3012/assets/plugin_assets/redmineflux_scarlet/home_page-35786af4.js:95
[  234494ms] ReferenceError: keepAnchorOnSignIn is not defined
    at HTMLFormElement.onsubmit (http://localhost:3012/login:960:161)
[  234789ms] [LOG] Initializing home page... @ http://localhost:3012/assets/plugin_assets/redmineflux_scarlet/home_page-35786af4.js:18
[  234790ms] [LOG] Welcome header created @ http://localhost:3012/assets/plugin_assets/redmineflux_scarlet/home_page-35786af4.js:95
[  242175ms] [VERBOSE] [DOM] Input elements should have autocomplete attributes (suggested: "username"): (More info: https://goo.gl/9p2vKq) %o @ http://localhost:3012/rf_customers/6/edit:0
[  276059ms] [VERBOSE] [DOM] Input elements should have autocomplete attributes (suggested: "username"): (More info: https://goo.gl/9p2vKq) %o @ http://localhost:3012/rf_customers/new:0
[  598266ms] [ERROR] Failed to load resource: the server responded with a status of 403 (Forbidden) @ http://localhost:3012/all_custom_fields.json:0
[  606328ms] [ERROR] Failed to load resource: the server responded with a status of 403 (Forbidden) @ http://localhost:3012/projects/helpdesk-qa-alpha.json:0
[  622476ms] Identifier 'lastJstPreviewed' has already been declared
[  648292ms] Identifier 'lastJstPreviewed' has already been declared
