[     340ms] [ERROR] Failed to load resource: the server responded with a status of 404 () @ https://flux-f04qohdte49.forge.zehntech.com/assets/analytics_dashboard.css:0
[    3398ms] [WARNING] The resource https://flux-f04qohdte49.forge.zehntech.com/assets/analytics_dashboard.css was preloaded using link preload but not used within a few seconds from the window's load event. Please make sure it has an appropriate `as` value and it is preloaded intentionally. @ https://flux-f04qohdte49.forge.zehntech.com/projects/agileboard/analytics_dashboard:0
[   20181ms] [WARNING] The resource https://flux-f04qohdte49.forge.zehntech.com/assets/analytics_dashboard.css was preloaded using link preload but not used within a few seconds from the window's load event. Please make sure it has an appropriate `as` value and it is preloaded intentionally. @ https://flux-f04qohdte49.forge.zehntech.com/projects/agileboard/analytics_dashboard:0
[   28257ms] [WARNING] The resource https://flux-f04qohdte49.forge.zehntech.com/assets/analytics_dashboard.css was preloaded using link preload but not used within a few seconds from the window's load event. Please make sure it has an appropriate `as` value and it is preloaded intentionally. @ https://flux-f04qohdte49.forge.zehntech.com/projects/agileboard/analytics_dashboard:0
[  123906ms] [ERROR] Failed to load resource: the server responded with a status of 404 () @ https://flux-f04qohdte49.forge.zehntech.com/assets/analytics_dashboard.css:0
[  127301ms] [WARNING] The resource https://flux-f04qohdte49.forge.zehntech.com/assets/analytics_dashboard.css was preloaded using link preload but not used within a few seconds from the window's load event. Please make sure it has an appropriate `as` value and it is preloaded intentionally. @ https://flux-f04qohdte49.forge.zehntech.com/projects/agileboard/analytics_dashboard:0
[  187866ms] [WARNING] The resource https://flux-f04qohdte49.forge.zehntech.com/assets/analytics_dashboard.css was preloaded using link preload but not used within a few seconds from the window's load event. Please make sure it has an appropriate `as` value and it is preloaded intentionally. @ https://flux-f04qohdte49.forge.zehntech.com/projects/agileboard/analytics_dashboard:0
[  212844ms] [ERROR] Failed to load resource: the server responded with a status of 404 () @ https://flux-f04qohdte49.forge.zehntech.com/assets/analytics_dashboard.css:0
[  215910ms] [WARNING] The resource https://flux-f04qohdte49.forge.zehntech.com/assets/analytics_dashboard.css was preloaded using link preload but not used within a few seconds from the window's load event. Please make sure it has an appropriate `as` value and it is preloaded intentionally. @ https://flux-f04qohdte49.forge.zehntech.com/projects/agileboard/analytics_dashboard:0
[  301029ms] [ERROR] Failed to load resource: the server responded with a status of 404 () @ https://flux-f04qohdte49.forge.zehntech.com/assets/analytics_dashboard.css:0
[  302419ms] [ERROR] Failed to load resource: the server responded with a status of 404 () @ https://flux-f04qohdte49.forge.zehntech.com/assets/analytics_dashboard.css:0
[  305461ms] [WARNING] The resource https://flux-f04qohdte49.forge.zehntech.com/assets/analytics_dashboard.css was preloaded using link preload but not used within a few seconds from the window's load event. Please make sure it has an appropriate `as` value and it is preloaded intentionally. @ https://flux-f04qohdte49.forge.zehntech.com/projects/agileboard/analytics_dashboard:0
[  606859ms] [LOG] ✅ Lazy loading initialized for 6 columns @ https://flux-f04qohdte49.forge.zehntech.com/assets/plugin_assets/agile_board/jira_board_adapter-02b5c20e.js:1394
[  606859ms] [LOG] 🚀 initGroupToggle called @ https://flux-f04qohdte49.forge.zehntech.com/assets/plugin_assets/agile_board/jira_board_adapter-02b5c20e.js:2670
[  606859ms] [LOG] ✅ Board element found, attaching event listener @ https://flux-f04qohdte49.forge.zehntech.com/assets/plugin_assets/agile_board/jira_board_adapter-02b5c20e.js:2678
[  607360ms] [LOG] 💾 Cached original board HTML for quick restoration @ https://flux-f04qohdte49.forge.zehntech.com/assets/plugin_assets/agile_board/jira_board_adapter-02b5c20e.js:2871
[  613694ms] [LOG] 🎯 Card moved: {issueId: 258, oldStatus: 7, newStatus: 8, oldGroup: undefined, newGroup: undefined} @ https://flux-f04qohdte49.forge.zehntech.com/assets/plugin_assets/agile_board/jira_board_adapter-02b5c20e.js:163
[  613695ms] [LOG] 📤 Sending update: {issue_id: 258, status_id: 8} @ https://flux-f04qohdte49.forge.zehntech.com/assets/plugin_assets/agile_board/rf_agile_board-db4e53bd.js:515
[  618814ms] [LOG] 🎯 Card moved: {issueId: 114, oldStatus: 7, newStatus: 8, oldGroup: undefined, newGroup: undefined} @ https://flux-f04qohdte49.forge.zehntech.com/assets/plugin_assets/agile_board/jira_board_adapter-02b5c20e.js:163
[  618815ms] [LOG] 📤 Sending update: {issue_id: 114, status_id: 8} @ https://flux-f04qohdte49.forge.zehntech.com/assets/plugin_assets/agile_board/rf_agile_board-db4e53bd.js:515
[  627624ms] [LOG] 🎯 Card moved: {issueId: 106, oldStatus: 7, newStatus: 8, oldGroup: undefined, newGroup: undefined} @ https://flux-f04qohdte49.forge.zehntech.com/assets/plugin_assets/agile_board/jira_board_adapter-02b5c20e.js:163
[  627624ms] [LOG] 📤 Sending update: {issue_id: 106, status_id: 8} @ https://flux-f04qohdte49.forge.zehntech.com/assets/plugin_assets/agile_board/rf_agile_board-db4e53bd.js:515
