[     351ms] [LOG] [RfGantt] rf_gantt_utils.js loaded @ https://flux-f6nlrqpvk49.forge.zehntech.com/assets/plugin_assets/redmineflux_gantt_plugin/rf_gantt_utils-58e4489f.js:6
[     354ms] [LOG] [RfGantt] rf_gantt_app.js loaded @ https://flux-f6nlrqpvk49.forge.zehntech.com/assets/plugin_assets/redmineflux_gantt_plugin/rf_gantt_app-89211801.js:162
[     374ms] [LOG] [RfGantt] Initializing Flux Gantt Plugin... @ https://flux-f6nlrqpvk49.forge.zehntech.com/assets/plugin_assets/redmineflux_gantt_plugin/rf_gantt_app-89211801.js:189
[     374ms] [LOG] [RfGantt][CustomFields][Project] bootstrap {trackerCount: 3, issueCustomFieldTrackerKeys: Array(0), versionCustomFieldCount: 0} @ https://flux-f6nlrqpvk49.forge.zehntech.com/assets/plugin_assets/redmineflux_gantt_plugin/rf_gantt_app-89211801.js:245
[     405ms] [LOG] [RfGantt] Init complete. Fetching versions from /projects/fluxganttproject/flux_gantt/versions @ https://flux-f6nlrqpvk49.forge.zehntech.com/assets/plugin_assets/redmineflux_gantt_plugin/rf_gantt_app-89211801.js:415
[     504ms] [LOG] [RfGantt] Versions API response: {versions: Array(4), date_range: Object} @ https://flux-f6nlrqpvk49.forge.zehntech.com/assets/plugin_assets/redmineflux_gantt_plugin/rf_gantt_app-89211801.js:418
[     504ms] [LOG] [RfGantt] Loaded 4 versions @ https://flux-f6nlrqpvk49.forge.zehntech.com/assets/plugin_assets/redmineflux_gantt_plugin/rf_gantt_app-89211801.js:420
[   15023ms] [LOG] [RfGantt][CustomFields][VersionModal] lookup {rawFieldCount: 0, rawFields: Array(0), currentValues: Array(0), mergedFieldCount: 0, sanitizedFieldCount: 0} @ https://flux-f6nlrqpvk49.forge.zehntech.com/assets/plugin_assets/redmineflux_gantt_plugin/rf_gantt_modal-e46f5e12.js:570
[   15023ms] [LOG] [RfGantt][CustomFields][VersionModal] render {fieldCount: 0, fields: Array(0)} @ https://flux-f6nlrqpvk49.forge.zehntech.com/assets/plugin_assets/redmineflux_gantt_plugin/rf_gantt_modal-e46f5e12.js:532
[   28426ms] [LOG] [RfGantt][CustomFields][VersionModal] lookup {rawFieldCount: 0, rawFields: Array(0), currentValues: undefined, mergedFieldCount: 0, sanitizedFieldCount: 0} @ https://flux-f6nlrqpvk49.forge.zehntech.com/assets/plugin_assets/redmineflux_gantt_plugin/rf_gantt_modal-e46f5e12.js:570
[  140053ms] [LOG] [RfGantt][CustomFields][IssueModal] lookup {mode: project, trackerId: 4, projectId: , sourceKeys: Array(0), rawFieldCount: 0} @ https://flux-f6nlrqpvk49.forge.zehntech.com/assets/plugin_assets/redmineflux_gantt_plugin/rf_gantt_modal-e46f5e12.js:548
[  140054ms] [LOG] [RfGantt][CustomFields][IssueModal] render {mode: project, trackerId: 4, projectId: , fieldCount: 0, fields: Array(0)} @ https://flux-f6nlrqpvk49.forge.zehntech.com/assets/plugin_assets/redmineflux_gantt_plugin/rf_gantt_modal-e46f5e12.js:518
[  154166ms] [LOG] [RfGantt][UpdateIssue] data collected: {"subject":"QA Bar Resize Test A","project_id":null,"tracker_id":"4","fixed_version_id":"1","estimated_hours":8,"color":"#9ad9ae","assigned_to_id":null,"custom_field_values":{},"start_date":"2026-09-30","due_date":"2026-10-05"} @ https://flux-f6nlrqpvk49.forge.zehntech.com/assets/plugin_assets/redmineflux_gantt_plugin/rf_gantt_modal-e46f5e12.js:971
[  154166ms] [LOG] [RfGantt][CustomFields][IssueModal] lookup {mode: project, trackerId: 4, projectId: null, sourceKeys: Array(0), rawFieldCount: 0} @ https://flux-f6nlrqpvk49.forge.zehntech.com/assets/plugin_assets/redmineflux_gantt_plugin/rf_gantt_modal-e46f5e12.js:548
[  154167ms] [LOG] [RfGantt][UpdateIssue] validation errors: [] @ https://flux-f6nlrqpvk49.forge.zehntech.com/assets/plugin_assets/redmineflux_gantt_plugin/rf_gantt_modal-e46f5e12.js:1003
[  154167ms] [LOG] [RfGantt][UpdateIssue] sending PATCH for issue 266 @ https://flux-f6nlrqpvk49.forge.zehntech.com/assets/plugin_assets/redmineflux_gantt_plugin/rf_gantt_modal-e46f5e12.js:1010
[  154318ms] [LOG] [RfGantt][UpdateIssue] server response: {"success":true,"issue":{"id":266,"subject":"QA Bar Resize Test A","type":"issue","tracker":{"id":4,"name":"Bug"},"status":{"id":7,"name":"New"},"start_date":"2026-09-30","due_date":"2026-10-05","done_ratio":0,"estimated_hours":8,"color":"#9ad9ae","assignee":null,"parent_id":null,"has_children":false,"can_edit":true,"can_delete":true,"can_link":true,"dates_readonly":false,"progress_readonly":false,"fixed_version_id":1,"required_custom_fields":[],"custom_field_values":{}},"related_issues":[]} @ https://flux-f6nlrqpvk49.forge.zehntech.com/assets/plugin_assets/redmineflux_gantt_plugin/rf_gantt_modal-e46f5e12.js:1014
[  236108ms] [ERROR] Failed to load resource: the server responded with a status of 422 () @ https://flux-f6nlrqpvk49.forge.zehntech.com/projects/fluxganttproject/flux_gantt/issues/266:0
[  665811ms] [LOG] [RfGantt] rf_gantt_utils.js loaded @ https://flux-f6nlrqpvk49.forge.zehntech.com/assets/plugin_assets/redmineflux_gantt_plugin/rf_gantt_utils-58e4489f.js:6
[  665820ms] [LOG] [RfGantt] rf_gantt_app.js loaded @ https://flux-f6nlrqpvk49.forge.zehntech.com/assets/plugin_assets/redmineflux_gantt_plugin/rf_gantt_app-89211801.js:162
[  665848ms] [LOG] [RfGantt] Initializing Flux Gantt Plugin... @ https://flux-f6nlrqpvk49.forge.zehntech.com/assets/plugin_assets/redmineflux_gantt_plugin/rf_gantt_app-89211801.js:189
[  665849ms] [LOG] [RfGantt][CustomFields][Project] bootstrap {trackerCount: 3, issueCustomFieldTrackerKeys: Array(0), versionCustomFieldCount: 0} @ https://flux-f6nlrqpvk49.forge.zehntech.com/assets/plugin_assets/redmineflux_gantt_plugin/rf_gantt_app-89211801.js:245
[  665882ms] [LOG] [RfGantt] Init complete. Fetching versions from /projects/fluxganttproject/flux_gantt/versions @ https://flux-f6nlrqpvk49.forge.zehntech.com/assets/plugin_assets/redmineflux_gantt_plugin/rf_gantt_app-89211801.js:415
[  665985ms] [LOG] [RfGantt] Versions API response: {versions: Array(4), date_range: Object} @ https://flux-f6nlrqpvk49.forge.zehntech.com/assets/plugin_assets/redmineflux_gantt_plugin/rf_gantt_app-89211801.js:418
[  665985ms] [LOG] [RfGantt] Loaded 4 versions @ https://flux-f6nlrqpvk49.forge.zehntech.com/assets/plugin_assets/redmineflux_gantt_plugin/rf_gantt_app-89211801.js:420
[  676418ms] [LOG] [RfGantt] rf_gantt_utils.js loaded @ https://flux-f6nlrqpvk49.forge.zehntech.com/assets/plugin_assets/redmineflux_gantt_plugin/rf_gantt_utils-58e4489f.js:6
[  676422ms] [LOG] [RfGantt] rf_gantt_app.js loaded @ https://flux-f6nlrqpvk49.forge.zehntech.com/assets/plugin_assets/redmineflux_gantt_plugin/rf_gantt_app-89211801.js:162
[  676452ms] [LOG] [RfGantt] Initializing Flux Gantt Plugin... @ https://flux-f6nlrqpvk49.forge.zehntech.com/assets/plugin_assets/redmineflux_gantt_plugin/rf_gantt_app-89211801.js:189
[  676452ms] [LOG] [RfGantt][CustomFields][Project] bootstrap {trackerCount: 3, issueCustomFieldTrackerKeys: Array(0), versionCustomFieldCount: 0} @ https://flux-f6nlrqpvk49.forge.zehntech.com/assets/plugin_assets/redmineflux_gantt_plugin/rf_gantt_app-89211801.js:245
[  676493ms] [LOG] [RfGantt] Init complete. Fetching versions from /projects/fluxganttproject/flux_gantt/versions @ https://flux-f6nlrqpvk49.forge.zehntech.com/assets/plugin_assets/redmineflux_gantt_plugin/rf_gantt_app-89211801.js:415
[  676607ms] [LOG] [RfGantt] Versions API response: {versions: Array(4), date_range: Object} @ https://flux-f6nlrqpvk49.forge.zehntech.com/assets/plugin_assets/redmineflux_gantt_plugin/rf_gantt_app-89211801.js:418
[  676607ms] [LOG] [RfGantt] Loaded 4 versions @ https://flux-f6nlrqpvk49.forge.zehntech.com/assets/plugin_assets/redmineflux_gantt_plugin/rf_gantt_app-89211801.js:420
[  683303ms] [LOG] [RfGantt] rf_gantt_utils.js loaded @ https://flux-f6nlrqpvk49.forge.zehntech.com/assets/plugin_assets/redmineflux_gantt_plugin/rf_gantt_utils-58e4489f.js:6
[  683308ms] [LOG] [RfGantt] rf_gantt_app.js loaded @ https://flux-f6nlrqpvk49.forge.zehntech.com/assets/plugin_assets/redmineflux_gantt_plugin/rf_gantt_app-89211801.js:162
[  683334ms] [LOG] [RfGantt] Initializing Flux Gantt Plugin... @ https://flux-f6nlrqpvk49.forge.zehntech.com/assets/plugin_assets/redmineflux_gantt_plugin/rf_gantt_app-89211801.js:189
[  683334ms] [LOG] [RfGantt][CustomFields][Project] bootstrap {trackerCount: 3, issueCustomFieldTrackerKeys: Array(0), versionCustomFieldCount: 0} @ https://flux-f6nlrqpvk49.forge.zehntech.com/assets/plugin_assets/redmineflux_gantt_plugin/rf_gantt_app-89211801.js:245
[  683367ms] [LOG] [RfGantt] Init complete. Fetching versions from /projects/fluxganttproject/flux_gantt/versions @ https://flux-f6nlrqpvk49.forge.zehntech.com/assets/plugin_assets/redmineflux_gantt_plugin/rf_gantt_app-89211801.js:415
[  683469ms] [LOG] [RfGantt] Versions API response: {versions: Array(4), date_range: Object} @ https://flux-f6nlrqpvk49.forge.zehntech.com/assets/plugin_assets/redmineflux_gantt_plugin/rf_gantt_app-89211801.js:418
[  683469ms] [LOG] [RfGantt] Loaded 4 versions @ https://flux-f6nlrqpvk49.forge.zehntech.com/assets/plugin_assets/redmineflux_gantt_plugin/rf_gantt_app-89211801.js:420
