[     529ms] [ERROR] Failed to load resource: the server responded with a status of 404 () @ https://flux-f04qohdte49.forge.zehntech.com/assets/analytics_dashboard.css:0
[    5414ms] [WARNING] The resource https://flux-f04qohdte49.forge.zehntech.com/assets/analytics_dashboard.css was preloaded using link preload but not used within a few seconds from the window's load event. Please make sure it has an appropriate `as` value and it is preloaded intentionally. @ https://flux-f04qohdte49.forge.zehntech.com/projects/agileboard/analytics_dashboard:0
[   32282ms] [WARNING] The resource https://flux-f04qohdte49.forge.zehntech.com/assets/analytics_dashboard.css was preloaded using link preload but not used within a few seconds from the window's load event. Please make sure it has an appropriate `as` value and it is preloaded intentionally. @ https://flux-f04qohdte49.forge.zehntech.com/projects/agileboard/analytics_dashboard:0
[   95396ms] [ERROR] Failed to load resource: the server responded with a status of 404 () @ https://flux-f04qohdte49.forge.zehntech.com/assets/analytics_dashboard.css:0
[   98766ms] [WARNING] The resource https://flux-f04qohdte49.forge.zehntech.com/assets/analytics_dashboard.css was preloaded using link preload but not used within a few seconds from the window's load event. Please make sure it has an appropriate `as` value and it is preloaded intentionally. @ https://flux-f04qohdte49.forge.zehntech.com/projects/agileboard/analytics_dashboard:0
[  186237ms] [WARNING] The resource https://flux-f04qohdte49.forge.zehntech.com/assets/analytics_dashboard.css was preloaded using link preload but not used within a few seconds from the window's load event. Please make sure it has an appropriate `as` value and it is preloaded intentionally. @ https://flux-f04qohdte49.forge.zehntech.com/projects/agileboard/analytics_dashboard:0
[  198082ms] [WARNING] The resource https://flux-f04qohdte49.forge.zehntech.com/assets/analytics_dashboard.css was preloaded using link preload but not used within a few seconds from the window's load event. Please make sure it has an appropriate `as` value and it is preloaded intentionally. @ https://flux-f04qohdte49.forge.zehntech.com/projects/agileboard/analytics_dashboard:0
[  247823ms] [ERROR] Failed to load resource: the server responded with a status of 404 () @ https://flux-f04qohdte49.forge.zehntech.com/assets/analytics_dashboard.css:0
[  250983ms] [WARNING] The resource https://flux-f04qohdte49.forge.zehntech.com/assets/analytics_dashboard.css was preloaded using link preload but not used within a few seconds from the window's load event. Please make sure it has an appropriate `as` value and it is preloaded intentionally. @ https://flux-f04qohdte49.forge.zehntech.com/projects/agileboard/analytics_dashboard:0
[  296822ms] [WARNING] The resource https://flux-f04qohdte49.forge.zehntech.com/assets/analytics_dashboard.css was preloaded using link preload but not used within a few seconds from the window's load event. Please make sure it has an appropriate `as` value and it is preloaded intentionally. @ https://flux-f04qohdte49.forge.zehntech.com/projects/agileboard/analytics_dashboard:0
[  305042ms] [WARNING] The resource https://flux-f04qohdte49.forge.zehntech.com/assets/analytics_dashboard.css was preloaded using link preload but not used within a few seconds from the window's load event. Please make sure it has an appropriate `as` value and it is preloaded intentionally. @ https://flux-f04qohdte49.forge.zehntech.com/projects/agileboard/analytics_dashboard:0
[  330514ms] [WARNING] The resource https://flux-f04qohdte49.forge.zehntech.com/assets/analytics_dashboard.css was preloaded using link preload but not used within a few seconds from the window's load event. Please make sure it has an appropriate `as` value and it is preloaded intentionally. @ https://flux-f04qohdte49.forge.zehntech.com/projects/agileboard/analytics_dashboard:0
[  347233ms] [ERROR] Access to XMLHttpRequest at 'https://translate-pa.googleapis.com/v1/translateHtml' from origin 'https://flux-f04qohdte49.forge.zehntech.com' has been blocked by CORS policy: No 'Access-Control-Allow-Origin' header is present on the requested resource. @ https://flux-f04qohdte49.forge.zehntech.com/projects/agileboard/analytics_dashboard:0
[  347234ms] [ERROR] Failed to load resource: net::ERR_FAILED @ https://translate-pa.googleapis.com/v1/translateHtml:0
[  347233ms] Error: Pa
    at Wi.eval [as j] (eval at xhr.onreadystatechange (:437:9), <anonymous>:469:358)
    at Yi (eval at xhr.onreadystatechange (:437:9), <anonymous>:202:40)
    at $i.throw (eval at xhr.onreadystatechange (:437:9), <anonymous>:203:336)
    at c (eval at xhr.onreadystatechange (:437:9), <anonymous>:204:75)
[  355940ms] [WARNING] The resource https://flux-f04qohdte49.forge.zehntech.com/assets/analytics_dashboard.css was preloaded using link preload but not used within a few seconds from the window's load event. Please make sure it has an appropriate `as` value and it is preloaded intentionally. @ https://flux-f04qohdte49.forge.zehntech.com/projects/agileboard/analytics_dashboard:0
[  363230ms] [WARNING] The resource https://flux-f04qohdte49.forge.zehntech.com/assets/analytics_dashboard.css was preloaded using link preload but not used within a few seconds from the window's load event. Please make sure it has an appropriate `as` value and it is preloaded intentionally. @ https://flux-f04qohdte49.forge.zehntech.com/projects/agileboard/analytics_dashboard:0
[  366983ms] [WARNING] The resource https://flux-f04qohdte49.forge.zehntech.com/assets/analytics_dashboard.css was preloaded using link preload but not used within a few seconds from the window's load event. Please make sure it has an appropriate `as` value and it is preloaded intentionally. @ https://flux-f04qohdte49.forge.zehntech.com/projects/agileboard/analytics_dashboard:0
