[   93087ms] [WARNING] %cEditor.js 2.26.5%c «blocks.stretchBlock()» is deprecated and will be removed in the next major release. Please use the «BlockAPI» instead. line-height: 1em;
            color: #006FEA;
            display: inline-block;
            font-size: 11px;
            line-height: 1em;
            background-color: #fff;
            padding: 4px 9px;
            border-radius: 30px;
            border: 1px solid rgba(56, 138, 229, 0.16);
            margin: 4px 5px 4px 0; color: inherit @ http://localhost:3012/assets/plugin_assets/redmineflux_helpdesk/editor-88895c04.js:277
[   93101ms] [LOG] %cEditor.js 2.26.5%c I'm ready! (ﾉ◕ヮ◕)ﾉ*:･ﾟ✧ line-height: 1em;
            color: #006FEA;
            display: inline-block;
            font-size: 11px;
            line-height: 1em;
            background-color: #fff;
            padding: 4px 9px;
            border-radius: 30px;
            border: 1px solid rgba(56, 138, 229, 0.16);
            margin: 4px 5px 4px 0; color: #E24A75 @ http://localhost:3012/assets/plugin_assets/redmineflux_helpdesk/editor-88895c04.js:277
[  153060ms] [LOG] Block «paragraph» skipped because saved data is invalid @ http://localhost:3012/assets/plugin_assets/redmineflux_helpdesk/editor-88895c04.js:277
[  153060ms] [LOG] Total @ http://localhost:3012/assets/plugin_assets/redmineflux_helpdesk/editor-88895c04.js:277
[  176635ms] [LOG] {text: To reset your password, click "Forgot password?" on the login page and follow the emailed link.} @ http://localhost:3012/assets/plugin_assets/redmineflux_helpdesk/editor-88895c04.js:277
[  176635ms] [LOG] Total @ http://localhost:3012/assets/plugin_assets/redmineflux_helpdesk/editor-88895c04.js:277
[  176636ms] [LOG] {text: To reset your password, click "Forgot password?" on the login page and follow the emailed link.} @ http://localhost:3012/assets/plugin_assets/redmineflux_helpdesk/editor-88895c04.js:277
[  176636ms] [LOG] Total @ http://localhost:3012/assets/plugin_assets/redmineflux_helpdesk/editor-88895c04.js:277
[  183062ms] [LOG] {text: To reset your password, click "Forgot password?" on the login page and follow the emailed link.} @ http://localhost:3012/assets/plugin_assets/redmineflux_helpdesk/editor-88895c04.js:277
[  183062ms] [LOG] Total %o 0.10000002384185791 @ http://localhost:3012/assets/plugin_assets/redmineflux_helpdesk/editor-88895c04.js:271
[  213064ms] [LOG] {text: To reset your password, click "Forgot password?" on the login page and follow the emailed link.} @ http://localhost:3012/assets/plugin_assets/redmineflux_helpdesk/editor-88895c04.js:277
[  213064ms] [LOG] Total @ http://localhost:3012/assets/plugin_assets/redmineflux_helpdesk/editor-88895c04.js:277
[  243059ms] [LOG] {text: To reset your password, click "Forgot password?" on the login page and follow the emailed link.} @ http://localhost:3012/assets/plugin_assets/redmineflux_helpdesk/editor-88895c04.js:277
[  243060ms] [LOG] Total @ http://localhost:3012/assets/plugin_assets/redmineflux_helpdesk/editor-88895c04.js:277
[  273057ms] [LOG] {text: To reset your password, click "Forgot password?" on the login page and follow the emailed link.} @ http://localhost:3012/assets/plugin_assets/redmineflux_helpdesk/editor-88895c04.js:277
[  273057ms] [LOG] Total @ http://localhost:3012/assets/plugin_assets/redmineflux_helpdesk/editor-88895c04.js:277
[  303067ms] [LOG] {text: To reset your password, click "Forgot password?" on the login page and follow the emailed link.} @ http://localhost:3012/assets/plugin_assets/redmineflux_helpdesk/editor-88895c04.js:277
[  303067ms] [LOG] Total @ http://localhost:3012/assets/plugin_assets/redmineflux_helpdesk/editor-88895c04.js:277
[  333065ms] [LOG] {text: To reset your password, click "Forgot password?" on the login page and follow the emailed link.} @ http://localhost:3012/assets/plugin_assets/redmineflux_helpdesk/editor-88895c04.js:277
[  333065ms] [LOG] Total @ http://localhost:3012/assets/plugin_assets/redmineflux_helpdesk/editor-88895c04.js:277
[  363060ms] [LOG] {text: To reset your password, click "Forgot password?" on the login page and follow the emailed link.} @ http://localhost:3012/assets/plugin_assets/redmineflux_helpdesk/editor-88895c04.js:277
[  363060ms] [LOG] Total %o 0.10000002384185791 @ http://localhost:3012/assets/plugin_assets/redmineflux_helpdesk/editor-88895c04.js:271
[  393060ms] [LOG] {text: To reset your password, click "Forgot password?" on the login page and follow the emailed link.} @ http://localhost:3012/assets/plugin_assets/redmineflux_helpdesk/editor-88895c04.js:277
[  393060ms] [LOG] Total @ http://localhost:3012/assets/plugin_assets/redmineflux_helpdesk/editor-88895c04.js:277
[  423060ms] [LOG] {text: To reset your password, click "Forgot password?" on the login page and follow the emailed link.} @ http://localhost:3012/assets/plugin_assets/redmineflux_helpdesk/editor-88895c04.js:277
[  423060ms] [LOG] Total @ http://localhost:3012/assets/plugin_assets/redmineflux_helpdesk/editor-88895c04.js:277
[  453070ms] [LOG] {text: To reset your password, click "Forgot password?" on the login page and follow the emailed link.} @ http://localhost:3012/assets/plugin_assets/redmineflux_helpdesk/editor-88895c04.js:277
[  453070ms] [LOG] Total @ http://localhost:3012/assets/plugin_assets/redmineflux_helpdesk/editor-88895c04.js:277
[  483066ms] [LOG] {text: To reset your password, click "Forgot password?" on the login page and follow the emailed link.} @ http://localhost:3012/assets/plugin_assets/redmineflux_helpdesk/editor-88895c04.js:277
[  483066ms] [LOG] Total @ http://localhost:3012/assets/plugin_assets/redmineflux_helpdesk/editor-88895c04.js:277
[  513057ms] [LOG] {text: To reset your password, click "Forgot password?" on the login page and follow the emailed link.} @ http://localhost:3012/assets/plugin_assets/redmineflux_helpdesk/editor-88895c04.js:277
[  513057ms] [LOG] Total %o 0.10000002384185791 @ http://localhost:3012/assets/plugin_assets/redmineflux_helpdesk/editor-88895c04.js:271
[  543056ms] [LOG] {text: To reset your password, click "Forgot password?" on the login page and follow the emailed link.} @ http://localhost:3012/assets/plugin_assets/redmineflux_helpdesk/editor-88895c04.js:277
[  543056ms] [LOG] Total %o 0.09999996423721313 @ http://localhost:3012/assets/plugin_assets/redmineflux_helpdesk/editor-88895c04.js:271
[  573057ms] [LOG] {text: To reset your password, click "Forgot password?" on the login page and follow the emailed link.} @ http://localhost:3012/assets/plugin_assets/redmineflux_helpdesk/editor-88895c04.js:277
[  573057ms] [LOG] Total @ http://localhost:3012/assets/plugin_assets/redmineflux_helpdesk/editor-88895c04.js:277
[  603065ms] [LOG] {text: To reset your password, click "Forgot password?" on the login page and follow the emailed link.} @ http://localhost:3012/assets/plugin_assets/redmineflux_helpdesk/editor-88895c04.js:277
[  603065ms] [LOG] Total @ http://localhost:3012/assets/plugin_assets/redmineflux_helpdesk/editor-88895c04.js:277
[  633065ms] [LOG] {text: To reset your password, click "Forgot password?" on the login page and follow the emailed link.} @ http://localhost:3012/assets/plugin_assets/redmineflux_helpdesk/editor-88895c04.js:277
[  633065ms] [LOG] Total @ http://localhost:3012/assets/plugin_assets/redmineflux_helpdesk/editor-88895c04.js:277
[  663061ms] [LOG] {text: To reset your password, click "Forgot password?" on the login page and follow the emailed link.} @ http://localhost:3012/assets/plugin_assets/redmineflux_helpdesk/editor-88895c04.js:277
[  663061ms] [LOG] Total %o 0.10000002384185791 @ http://localhost:3012/assets/plugin_assets/redmineflux_helpdesk/editor-88895c04.js:271
[  693058ms] [LOG] {text: To reset your password, click "Forgot password?" on the login page and follow the emailed link.} @ http://localhost:3012/assets/plugin_assets/redmineflux_helpdesk/editor-88895c04.js:277
[  693058ms] [LOG] Total @ http://localhost:3012/assets/plugin_assets/redmineflux_helpdesk/editor-88895c04.js:277
[  723055ms] [LOG] {text: To reset your password, click "Forgot password?" on the login page and follow the emailed link.} @ http://localhost:3012/assets/plugin_assets/redmineflux_helpdesk/editor-88895c04.js:277
[  723055ms] [LOG] Total @ http://localhost:3012/assets/plugin_assets/redmineflux_helpdesk/editor-88895c04.js:277
[  753060ms] [LOG] {text: To reset your password, click "Forgot password?" on the login page and follow the emailed link.} @ http://localhost:3012/assets/plugin_assets/redmineflux_helpdesk/editor-88895c04.js:277
[  753060ms] [LOG] Total @ http://localhost:3012/assets/plugin_assets/redmineflux_helpdesk/editor-88895c04.js:277
[  783066ms] [LOG] {text: To reset your password, click "Forgot password?" on the login page and follow the emailed link.} @ http://localhost:3012/assets/plugin_assets/redmineflux_helpdesk/editor-88895c04.js:277
[  783067ms] [LOG] Total @ http://localhost:3012/assets/plugin_assets/redmineflux_helpdesk/editor-88895c04.js:277
[  813064ms] [LOG] {text: To reset your password, click "Forgot password?" on the login page and follow the emailed link.} @ http://localhost:3012/assets/plugin_assets/redmineflux_helpdesk/editor-88895c04.js:277
[  813064ms] [LOG] Total @ http://localhost:3012/assets/plugin_assets/redmineflux_helpdesk/editor-88895c04.js:277
[  843069ms] [LOG] {text: To reset your password, click "Forgot password?" on the login page and follow the emailed link.} @ http://localhost:3012/assets/plugin_assets/redmineflux_helpdesk/editor-88895c04.js:277
[  843070ms] [LOG] Total @ http://localhost:3012/assets/plugin_assets/redmineflux_helpdesk/editor-88895c04.js:277
[  873057ms] [LOG] {text: To reset your password, click "Forgot password?" on the login page and follow the emailed link.} @ http://localhost:3012/assets/plugin_assets/redmineflux_helpdesk/editor-88895c04.js:277
[  873058ms] [LOG] Total %o 0.10000002384185791 @ http://localhost:3012/assets/plugin_assets/redmineflux_helpdesk/editor-88895c04.js:271
[  903061ms] [LOG] {text: To reset your password, click "Forgot password?" on the login page and follow the emailed link.} @ http://localhost:3012/assets/plugin_assets/redmineflux_helpdesk/editor-88895c04.js:277
[  903061ms] [LOG] Total @ http://localhost:3012/assets/plugin_assets/redmineflux_helpdesk/editor-88895c04.js:277
[  933066ms] [LOG] {text: To reset your password, click "Forgot password?" on the login page and follow the emailed link.} @ http://localhost:3012/assets/plugin_assets/redmineflux_helpdesk/editor-88895c04.js:277
[  933066ms] [LOG] Total @ http://localhost:3012/assets/plugin_assets/redmineflux_helpdesk/editor-88895c04.js:277
[  963063ms] [LOG] {text: To reset your password, click "Forgot password?" on the login page and follow the emailed link.} @ http://localhost:3012/assets/plugin_assets/redmineflux_helpdesk/editor-88895c04.js:277
[  963063ms] [LOG] Total @ http://localhost:3012/assets/plugin_assets/redmineflux_helpdesk/editor-88895c04.js:277
[  993065ms] [LOG] {text: To reset your password, click "Forgot password?" on the login page and follow the emailed link.} @ http://localhost:3012/assets/plugin_assets/redmineflux_helpdesk/editor-88895c04.js:277
[  993065ms] [LOG] Total @ http://localhost:3012/assets/plugin_assets/redmineflux_helpdesk/editor-88895c04.js:277
[ 1023068ms] [LOG] {text: To reset your password, click "Forgot password?" on the login page and follow the emailed link.} @ http://localhost:3012/assets/plugin_assets/redmineflux_helpdesk/editor-88895c04.js:277
[ 1023069ms] [LOG] Total %o 0.10000002384185791 @ http://localhost:3012/assets/plugin_assets/redmineflux_helpdesk/editor-88895c04.js:271
[ 1053071ms] [LOG] {text: To reset your password, click "Forgot password?" on the login page and follow the emailed link.} @ http://localhost:3012/assets/plugin_assets/redmineflux_helpdesk/editor-88895c04.js:277
[ 1053071ms] [LOG] Total %o 0.10000002384185791 @ http://localhost:3012/assets/plugin_assets/redmineflux_helpdesk/editor-88895c04.js:271
[ 1083059ms] [LOG] {text: To reset your password, click "Forgot password?" on the login page and follow the emailed link.} @ http://localhost:3012/assets/plugin_assets/redmineflux_helpdesk/editor-88895c04.js:277
[ 1083059ms] [LOG] Total @ http://localhost:3012/assets/plugin_assets/redmineflux_helpdesk/editor-88895c04.js:277
[ 1113058ms] [LOG] {text: To reset your password, click "Forgot password?" on the login page and follow the emailed link.} @ http://localhost:3012/assets/plugin_assets/redmineflux_helpdesk/editor-88895c04.js:277
[ 1113059ms] [LOG] Total %o 0.10000002384185791 @ http://localhost:3012/assets/plugin_assets/redmineflux_helpdesk/editor-88895c04.js:271
[ 1143063ms] [LOG] {text: To reset your password, click "Forgot password?" on the login page and follow the emailed link.} @ http://localhost:3012/assets/plugin_assets/redmineflux_helpdesk/editor-88895c04.js:277
[ 1143064ms] [LOG] Total @ http://localhost:3012/assets/plugin_assets/redmineflux_helpdesk/editor-88895c04.js:277
[ 1173069ms] [LOG] {text: To reset your password, click "Forgot password?" on the login page and follow the emailed link.} @ http://localhost:3012/assets/plugin_assets/redmineflux_helpdesk/editor-88895c04.js:277
[ 1173070ms] [LOG] Total %o 0.19999998807907104 @ http://localhost:3012/assets/plugin_assets/redmineflux_helpdesk/editor-88895c04.js:271
[ 1203067ms] [LOG] {text: To reset your password, click "Forgot password?" on the login page and follow the emailed link.} @ http://localhost:3012/assets/plugin_assets/redmineflux_helpdesk/editor-88895c04.js:277
[ 1203067ms] [LOG] Total @ http://localhost:3012/assets/plugin_assets/redmineflux_helpdesk/editor-88895c04.js:277
[ 1233059ms] [LOG] {text: To reset your password, click "Forgot password?" on the login page and follow the emailed link.} @ http://localhost:3012/assets/plugin_assets/redmineflux_helpdesk/editor-88895c04.js:277
[ 1233060ms] [LOG] Total @ http://localhost:3012/assets/plugin_assets/redmineflux_helpdesk/editor-88895c04.js:277
[ 1263055ms] [LOG] {text: To reset your password, click "Forgot password?" on the login page and follow the emailed link.} @ http://localhost:3012/assets/plugin_assets/redmineflux_helpdesk/editor-88895c04.js:277
[ 1263056ms] [LOG] Total @ http://localhost:3012/assets/plugin_assets/redmineflux_helpdesk/editor-88895c04.js:277
[ 1293061ms] [LOG] {text: To reset your password, click "Forgot password?" on the login page and follow the emailed link.} @ http://localhost:3012/assets/plugin_assets/redmineflux_helpdesk/editor-88895c04.js:277
[ 1293061ms] [LOG] Total @ http://localhost:3012/assets/plugin_assets/redmineflux_helpdesk/editor-88895c04.js:277
[ 1323067ms] [LOG] {text: To reset your password, click "Forgot password?" on the login page and follow the emailed link.} @ http://localhost:3012/assets/plugin_assets/redmineflux_helpdesk/editor-88895c04.js:277
[ 1323068ms] [LOG] Total @ http://localhost:3012/assets/plugin_assets/redmineflux_helpdesk/editor-88895c04.js:277
[ 1353056ms] [LOG] {text: To reset your password, click "Forgot password?" on the login page and follow the emailed link.} @ http://localhost:3012/assets/plugin_assets/redmineflux_helpdesk/editor-88895c04.js:277
[ 1353057ms] [LOG] Total @ http://localhost:3012/assets/plugin_assets/redmineflux_helpdesk/editor-88895c04.js:277
[ 1383068ms] [LOG] {text: To reset your password, click "Forgot password?" on the login page and follow the emailed link.} @ http://localhost:3012/assets/plugin_assets/redmineflux_helpdesk/editor-88895c04.js:277
[ 1383068ms] [LOG] Total @ http://localhost:3012/assets/plugin_assets/redmineflux_helpdesk/editor-88895c04.js:277
[ 1413057ms] [LOG] {text: To reset your password, click "Forgot password?" on the login page and follow the emailed link.} @ http://localhost:3012/assets/plugin_assets/redmineflux_helpdesk/editor-88895c04.js:277
[ 1413058ms] [LOG] Total @ http://localhost:3012/assets/plugin_assets/redmineflux_helpdesk/editor-88895c04.js:277
[ 1443059ms] [LOG] {text: To reset your password, click "Forgot password?" on the login page and follow the emailed link.} @ http://localhost:3012/assets/plugin_assets/redmineflux_helpdesk/editor-88895c04.js:277
[ 1443060ms] [LOG] Total @ http://localhost:3012/assets/plugin_assets/redmineflux_helpdesk/editor-88895c04.js:277
[ 1473063ms] [LOG] {text: To reset your password, click "Forgot password?" on the login page and follow the emailed link.} @ http://localhost:3012/assets/plugin_assets/redmineflux_helpdesk/editor-88895c04.js:277
[ 1473063ms] [LOG] Total %o 0.9000000357627869 @ http://localhost:3012/assets/plugin_assets/redmineflux_helpdesk/editor-88895c04.js:271
[ 1503057ms] [LOG] {text: To reset your password, click "Forgot password?" on the login page and follow the emailed link.} @ http://localhost:3012/assets/plugin_assets/redmineflux_helpdesk/editor-88895c04.js:277
[ 1503057ms] [LOG] Total @ http://localhost:3012/assets/plugin_assets/redmineflux_helpdesk/editor-88895c04.js:277
[ 1533069ms] [LOG] {text: To reset your password, click "Forgot password?" on the login page and follow the emailed link.} @ http://localhost:3012/assets/plugin_assets/redmineflux_helpdesk/editor-88895c04.js:277
[ 1533069ms] [LOG] Total @ http://localhost:3012/assets/plugin_assets/redmineflux_helpdesk/editor-88895c04.js:277
[ 1563064ms] [LOG] {text: To reset your password, click "Forgot password?" on the login page and follow the emailed link.} @ http://localhost:3012/assets/plugin_assets/redmineflux_helpdesk/editor-88895c04.js:277
[ 1563065ms] [LOG] Total %o 0.10000002384185791 @ http://localhost:3012/assets/plugin_assets/redmineflux_helpdesk/editor-88895c04.js:271
[ 1593068ms] [LOG] {text: To reset your password, click "Forgot password?" on the login page and follow the emailed link.} @ http://localhost:3012/assets/plugin_assets/redmineflux_helpdesk/editor-88895c04.js:277
[ 1593068ms] [LOG] Total @ http://localhost:3012/assets/plugin_assets/redmineflux_helpdesk/editor-88895c04.js:277
[ 1623055ms] [LOG] {text: To reset your password, click "Forgot password?" on the login page and follow the emailed link.} @ http://localhost:3012/assets/plugin_assets/redmineflux_helpdesk/editor-88895c04.js:277
[ 1623056ms] [LOG] Total @ http://localhost:3012/assets/plugin_assets/redmineflux_helpdesk/editor-88895c04.js:277
[ 1653064ms] [LOG] {text: To reset your password, click "Forgot password?" on the login page and follow the emailed link.} @ http://localhost:3012/assets/plugin_assets/redmineflux_helpdesk/editor-88895c04.js:277
[ 1653064ms] [LOG] Total @ http://localhost:3012/assets/plugin_assets/redmineflux_helpdesk/editor-88895c04.js:277
[ 1683060ms] [LOG] {text: To reset your password, click "Forgot password?" on the login page and follow the emailed link.} @ http://localhost:3012/assets/plugin_assets/redmineflux_helpdesk/editor-88895c04.js:277
[ 1683061ms] [LOG] Total @ http://localhost:3012/assets/plugin_assets/redmineflux_helpdesk/editor-88895c04.js:277
[ 1713056ms] [LOG] {text: To reset your password, click "Forgot password?" on the login page and follow the emailed link.} @ http://localhost:3012/assets/plugin_assets/redmineflux_helpdesk/editor-88895c04.js:277
[ 1713056ms] [LOG] Total @ http://localhost:3012/assets/plugin_assets/redmineflux_helpdesk/editor-88895c04.js:277
[ 1743056ms] [LOG] {text: To reset your password, click "Forgot password?" on the login page and follow the emailed link.} @ http://localhost:3012/assets/plugin_assets/redmineflux_helpdesk/editor-88895c04.js:277
[ 1743056ms] [LOG] Total @ http://localhost:3012/assets/plugin_assets/redmineflux_helpdesk/editor-88895c04.js:277
[ 1788494ms] Identifier 'lastJstPreviewed' has already been declared
[ 1812319ms] Identifier 'lastJstPreviewed' has already been declared
[ 1973511ms] Identifier 'lastJstPreviewed' has already been declared
[ 2217270ms] [VERBOSE] [DOM] Input elements should have autocomplete attributes (suggested: "username"): (More info: https://goo.gl/9p2vKq) %o @ http://localhost:3012/rf_customers/15/edit:0
[ 2401220ms] [VERBOSE] [DOM] Input elements should have autocomplete attributes (suggested: "username"): (More info: https://goo.gl/9p2vKq) %o @ http://localhost:3012/rf_customers/16/edit:0
[ 2481316ms] [VERBOSE] [DOM] Input elements should have autocomplete attributes (suggested: "username"): (More info: https://goo.gl/9p2vKq) %o @ http://localhost:3012/rf_customers/16/edit:0
[ 3248484ms] [VERBOSE] [DOM] Input elements should have autocomplete attributes (suggested: "username"): (More info: https://goo.gl/9p2vKq) %o @ http://localhost:3012/rf_customers/16/edit:0
[ 3306429ms] [VERBOSE] [DOM] Input elements should have autocomplete attributes (suggested: "username"): (More info: https://goo.gl/9p2vKq) %o @ http://localhost:3012/rf_customers/16/edit:0
[ 3407003ms] [VERBOSE] [DOM] Input elements should have autocomplete attributes (suggested: "username"): (More info: https://goo.gl/9p2vKq) %o @ http://localhost:3012/rf_customers/16/edit:0
[ 3482575ms] [VERBOSE] [DOM] Input elements should have autocomplete attributes (suggested: "username"): (More info: https://goo.gl/9p2vKq) %o @ http://localhost:3012/rf_customers/16/edit:0
