[ 1295332ms] [ERROR] Failed to load resource: net::ERR_EMPTY_RESPONSE @ http://localhost:3012/time_tracker/get_running_timer:0
[ 1300328ms] [ERROR] Failed to load resource: net::ERR_EMPTY_RESPONSE @ http://localhost:3012/time_tracker/get_running_timer:0
[ 1305323ms] [ERROR] Failed to load resource: net::ERR_EMPTY_RESPONSE @ http://localhost:3012/time_tracker/get_running_timer:0
[ 1310330ms] [ERROR] Failed to load resource: net::ERR_EMPTY_RESPONSE @ http://localhost:3012/time_tracker/get_running_timer:0
[ 1315318ms] [ERROR] Failed to load resource: net::ERR_EMPTY_RESPONSE @ http://localhost:3012/time_tracker/get_running_timer:0
[ 1320333ms] [ERROR] Failed to load resource: net::ERR_EMPTY_RESPONSE @ http://localhost:3012/time_tracker/get_running_timer:0
[ 1325329ms] [ERROR] Failed to load resource: net::ERR_EMPTY_RESPONSE @ http://localhost:3012/time_tracker/get_running_timer:0
[ 1330329ms] [ERROR] Failed to load resource: net::ERR_EMPTY_RESPONSE @ http://localhost:3012/time_tracker/get_running_timer:0
[ 1335326ms] [ERROR] Failed to load resource: net::ERR_EMPTY_RESPONSE @ http://localhost:3012/time_tracker/get_running_timer:0
[ 1340315ms] [ERROR] Failed to load resource: net::ERR_EMPTY_RESPONSE @ http://localhost:3012/time_tracker/get_running_timer:0
[ 1345321ms] [ERROR] Failed to load resource: net::ERR_CONNECTION_RESET @ http://localhost:3012/time_tracker/get_running_timer:0
[ 1350324ms] [ERROR] Failed to load resource: net::ERR_EMPTY_RESPONSE @ http://localhost:3012/time_tracker/get_running_timer:0
[ 1355324ms] [ERROR] Failed to load resource: net::ERR_EMPTY_RESPONSE @ http://localhost:3012/time_tracker/get_running_timer:0
[ 1360326ms] [ERROR] Failed to load resource: net::ERR_EMPTY_RESPONSE @ http://localhost:3012/time_tracker/get_running_timer:0
[ 1365319ms] [ERROR] Failed to load resource: net::ERR_EMPTY_RESPONSE @ http://localhost:3012/time_tracker/get_running_timer:0
[ 2309143ms] Identifier 'lastJstPreviewed' has already been declared
[ 2532983ms] [ERROR] Failed to load resource: net::ERR_EMPTY_RESPONSE @ http://localhost:3012/time_tracker/get_running_timer:0
[ 2537989ms] [ERROR] Failed to load resource: net::ERR_EMPTY_RESPONSE @ http://localhost:3012/time_tracker/get_running_timer:0
[ 2542993ms] [ERROR] Failed to load resource: net::ERR_EMPTY_RESPONSE @ http://localhost:3012/time_tracker/get_running_timer:0
[ 2547993ms] [ERROR] Failed to load resource: net::ERR_EMPTY_RESPONSE @ http://localhost:3012/time_tracker/get_running_timer:0
[ 2552982ms] [ERROR] Failed to load resource: net::ERR_EMPTY_RESPONSE @ http://localhost:3012/time_tracker/get_running_timer:0
[ 2557989ms] [ERROR] Failed to load resource: net::ERR_EMPTY_RESPONSE @ http://localhost:3012/time_tracker/get_running_timer:0
[ 2562981ms] [ERROR] Failed to load resource: net::ERR_EMPTY_RESPONSE @ http://localhost:3012/time_tracker/get_running_timer:0
[ 2567983ms] [ERROR] Failed to load resource: net::ERR_EMPTY_RESPONSE @ http://localhost:3012/time_tracker/get_running_timer:0
[ 2572995ms] [ERROR] Failed to load resource: net::ERR_EMPTY_RESPONSE @ http://localhost:3012/time_tracker/get_running_timer:0
[ 2607964ms] Identifier 'lastJstPreviewed' has already been declared
[ 2630085ms] Identifier 'lastJstPreviewed' has already been declared
[ 2644434ms] Identifier 'lastJstPreviewed' has already been declared
[ 3452363ms] [ERROR] Failed to load resource: the server responded with a status of 404 (Not Found) @ http://localhost:3012/plugin_assets/redmineflux_scarlet/images/priority_medium.svg:0
[ 3456326ms] [VERBOSE] [DOM] Input elements should have autocomplete attributes (suggested: "username"): (More info: https://goo.gl/9p2vKq) %o @ http://localhost:3012/rf_customers/new:0
