[     322ms] [VERBOSE] [DOM] Input elements should have autocomplete attributes (suggested: "username"): (More info: https://goo.gl/9p2vKq) %o @ https://flux-fxd0g3s4049.forge.zehntech.com/rf_customers/new:0
[   27864ms] [VERBOSE] [DOM] Input elements should have autocomplete attributes (suggested: "username"): (More info: https://goo.gl/9p2vKq) %o @ https://flux-fxd0g3s4049.forge.zehntech.com/rf_customers:0
[  479382ms] [VERBOSE] [DOM] Input elements should have autocomplete attributes (suggested: "username"): (More info: https://goo.gl/9p2vKq) %o @ https://flux-fxd0g3s4049.forge.zehntech.com/rf_customers/new:0
[  501320ms] [VERBOSE] [DOM] Input elements should have autocomplete attributes (suggested: "username"): (More info: https://goo.gl/9p2vKq) %o @ https://flux-fxd0g3s4049.forge.zehntech.com/rf_customers/25/edit:0
[  512717ms] [VERBOSE] [DOM] Input elements should have autocomplete attributes (suggested: "username"): (More info: https://goo.gl/9p2vKq) %o @ https://flux-fxd0g3s4049.forge.zehntech.com/rf_customers/new:0
[  570071ms] [VERBOSE] [DOM] Input elements should have autocomplete attributes (suggested: "username"): (More info: https://goo.gl/9p2vKq) %o @ https://flux-fxd0g3s4049.forge.zehntech.com/rf_customers/new:0
[  650475ms] [VERBOSE] [DOM] Input elements should have autocomplete attributes (suggested: "username"): (More info: https://goo.gl/9p2vKq) %o @ https://flux-fxd0g3s4049.forge.zehntech.com/rf_customers/new:0
[  769566ms] [WARNING] %cEditor.js 2.26.5%c «blocks.stretchBlock()» is deprecated and will be removed in the next major release. Please use the «BlockAPI» instead. line-height: 1em;
            color: #006FEA;
            display: inline-block;
            font-size: 11px;
            line-height: 1em;
            background-color: #fff;
            padding: 4px 9px;
            border-radius: 30px;
            border: 1px solid rgba(56, 138, 229, 0.16);
            margin: 4px 5px 4px 0; color: inherit @ https://flux-fxd0g3s4049.forge.zehntech.com/assets/plugin_assets/redmineflux_helpdesk/editor-74eaab99.js:277
[  769577ms] [LOG] %cEditor.js 2.26.5%c I'm ready! (ﾉ◕ヮ◕)ﾉ*:･ﾟ✧ line-height: 1em;
            color: #006FEA;
            display: inline-block;
            font-size: 11px;
            line-height: 1em;
            background-color: #fff;
            padding: 4px 9px;
            border-radius: 30px;
            border: 1px solid rgba(56, 138, 229, 0.16);
            margin: 4px 5px 4px 0; color: #E24A75 @ https://flux-fxd0g3s4049.forge.zehntech.com/assets/plugin_assets/redmineflux_helpdesk/editor-74eaab99.js:277
