[    2188ms] Identifier 'lastJstPreviewed' has already been declared
[   16118ms] Identifier 'lastJstPreviewed' has already been declared
[  528012ms] Identifier 'lastJstPreviewed' has already been declared
[  528195ms] [ERROR] Failed to load resource: the server responded with a status of 404 () @ https://flux-f3lnytazd49.forge.zehntech.com/assets/plugin_assets/redmineflux_lotus/plus-d08c3110.svg:0
[  532593ms] Identifier 'lastJstPreviewed' has already been declared
[ 1557107ms] Identifier 'lastJstPreviewed' has already been declared
[ 1673223ms] [ERROR] Failed to load resource: the server responded with a status of 404 () @ https://flux-f3lnytazd49.forge.zehntech.com/assets/analytics_dashboard.css:0
[ 1674209ms] [ERROR] Failed to load resource: the server responded with a status of 404 () @ https://flux-f3lnytazd49.forge.zehntech.com/assets/analytics_dashboard.css:0
[ 1676417ms] [LOG] 🚀 initGroupToggle called @ https://flux-f3lnytazd49.forge.zehntech.com/assets/plugin_assets/agile_board/jira_board_adapter-a71b461f.js:2671
[ 1676418ms] [ERROR] ❌ Board element not found! @ https://flux-f3lnytazd49.forge.zehntech.com/assets/plugin_assets/agile_board/jira_board_adapter-a71b461f.js:2675
[ 1720278ms] [LOG] 🎯 Card moved: {issueId: 263, oldStatus: 7, newStatus: 8, oldGroup: undefined, newGroup: undefined} @ https://flux-f3lnytazd49.forge.zehntech.com/assets/plugin_assets/agile_board/jira_board_adapter-a71b461f.js:163
[ 1720279ms] [LOG] 📤 Sending update: {issue_id: 263, status_id: 8} @ https://flux-f3lnytazd49.forge.zehntech.com/assets/plugin_assets/agile_board/rf_agile_board-27732d97.js:515
[ 1724015ms] [LOG] 🎯 Card moved: {issueId: 264, oldStatus: 10, newStatus: 9, oldGroup: undefined, newGroup: undefined} @ https://flux-f3lnytazd49.forge.zehntech.com/assets/plugin_assets/agile_board/jira_board_adapter-a71b461f.js:163
[ 1724015ms] [LOG] 📤 Sending update: {issue_id: 264, status_id: 9} @ https://flux-f3lnytazd49.forge.zehntech.com/assets/plugin_assets/agile_board/rf_agile_board-27732d97.js:515
[ 1725115ms] [LOG] 🎯 Card moved: {issueId: 261, oldStatus: 10, newStatus: 11, oldGroup: undefined, newGroup: undefined} @ https://flux-f3lnytazd49.forge.zehntech.com/assets/plugin_assets/agile_board/jira_board_adapter-a71b461f.js:163
[ 1725115ms] [LOG] 📤 Sending update: {issue_id: 261, status_id: 11} @ https://flux-f3lnytazd49.forge.zehntech.com/assets/plugin_assets/agile_board/rf_agile_board-27732d97.js:515
[ 1814270ms] [LOG] 🎯 Card moved: {issueId: 262, oldStatus: 8, newStatus: 9, oldGroup: undefined, newGroup: undefined} @ https://flux-f3lnytazd49.forge.zehntech.com/assets/plugin_assets/agile_board/jira_board_adapter-a71b461f.js:163
[ 1814271ms] [LOG] 📤 Sending update: {issue_id: 262, status_id: 9} @ https://flux-f3lnytazd49.forge.zehntech.com/assets/plugin_assets/agile_board/rf_agile_board-27732d97.js:515
[ 1816305ms] [LOG] 🎯 Card moved: {issueId: 259, oldStatus: 8, newStatus: 9, oldGroup: undefined, newGroup: undefined} @ https://flux-f3lnytazd49.forge.zehntech.com/assets/plugin_assets/agile_board/jira_board_adapter-a71b461f.js:163
[ 1816306ms] [LOG] 📤 Sending update: {issue_id: 259, status_id: 9} @ https://flux-f3lnytazd49.forge.zehntech.com/assets/plugin_assets/agile_board/rf_agile_board-27732d97.js:515
[ 1821029ms] [LOG] 🎯 Card moved: {issueId: 254, oldStatus: 10, newStatus: 11, oldGroup: undefined, newGroup: undefined} @ https://flux-f3lnytazd49.forge.zehntech.com/assets/plugin_assets/agile_board/jira_board_adapter-a71b461f.js:163
[ 1821030ms] [LOG] 📤 Sending update: {issue_id: 254, status_id: 11} @ https://flux-f3lnytazd49.forge.zehntech.com/assets/plugin_assets/agile_board/rf_agile_board-27732d97.js:515
[ 1850808ms] [LOG] ✅ Lazy loading initialized for 6 columns @ https://flux-f3lnytazd49.forge.zehntech.com/assets/plugin_assets/agile_board/jira_board_adapter-a71b461f.js:1395
[ 1850808ms] [LOG] 🚀 initGroupToggle called @ https://flux-f3lnytazd49.forge.zehntech.com/assets/plugin_assets/agile_board/jira_board_adapter-a71b461f.js:2671
[ 1850808ms] [LOG] ✅ Board element found, attaching event listener @ https://flux-f3lnytazd49.forge.zehntech.com/assets/plugin_assets/agile_board/jira_board_adapter-a71b461f.js:2679
[ 1851309ms] [LOG] 💾 Cached original board HTML for quick restoration @ https://flux-f3lnytazd49.forge.zehntech.com/assets/plugin_assets/agile_board/jira_board_adapter-a71b461f.js:2872
[ 1852140ms] [LOG] 🎯 Card moved: {issueId: 258, oldStatus: 7, newStatus: 8, oldGroup: undefined, newGroup: undefined} @ https://flux-f3lnytazd49.forge.zehntech.com/assets/plugin_assets/agile_board/jira_board_adapter-a71b461f.js:163
[ 1852141ms] [LOG] 📤 Sending update: {issue_id: 258, status_id: 8} @ https://flux-f3lnytazd49.forge.zehntech.com/assets/plugin_assets/agile_board/rf_agile_board-27732d97.js:515
