[    6379ms] Identifier 'lastJstPreviewed' has already been declared
[  683311ms] Identifier 'lastJstPreviewed' has already been declared
[ 1067235ms] Identifier 'lastJstPreviewed' has already been declared
[ 1454853ms] Identifier 'lastJstPreviewed' has already been declared
[ 1472687ms] [ERROR] Failed to load resource: the server responded with a status of 404 (Not Found) @ http://localhost:3012/plugin_assets/redmineflux_scarlet/images/priority_high.svg:0
[ 1472689ms] [ERROR] Failed to load resource: the server responded with a status of 404 (Not Found) @ http://localhost:3012/plugin_assets/redmineflux_scarlet/images/priority_medium.svg:0
[ 1472739ms] [ERROR] Failed to load resource: the server responded with a status of 403 (Forbidden) @ http://localhost:3012/all_custom_fields.json:0
[ 1472740ms] [ERROR] Failed to load resource: the server responded with a status of 403 (Forbidden) @ http://localhost:3012/all_custom_fields.json:0
[ 1473826ms] Unexpected token ';'
[ 1473827ms] Identifier 'lastJstPreviewed' has already been declared
[ 1476931ms] [ERROR] Failed to load resource: the server responded with a status of 404 (Not Found) @ http://localhost:3012/plugin_assets/redmineflux_scarlet/images/priority_medium.svg:0
[ 1476932ms] [ERROR] Failed to load resource: the server responded with a status of 404 (Not Found) @ http://localhost:3012/plugin_assets/redmineflux_scarlet/images/priority_high.svg:0
[ 1476989ms] [ERROR] Failed to load resource: the server responded with a status of 403 (Forbidden) @ http://localhost:3012/all_custom_fields.json:0
[ 1476989ms] [ERROR] Failed to load resource: the server responded with a status of 403 (Forbidden) @ http://localhost:3012/all_custom_fields.json:0
[ 1503231ms] [ERROR] Failed to load resource: the server responded with a status of 404 (Not Found) @ http://localhost:3012/plugin_assets/redmineflux_scarlet/images/priority_medium.svg:0
[ 1503232ms] [ERROR] Failed to load resource: the server responded with a status of 404 (Not Found) @ http://localhost:3012/plugin_assets/redmineflux_scarlet/images/priority_high.svg:0
[ 1503280ms] [ERROR] Failed to load resource: the server responded with a status of 403 (Forbidden) @ http://localhost:3012/all_custom_fields.json:0
[ 1503282ms] [ERROR] Failed to load resource: the server responded with a status of 403 (Forbidden) @ http://localhost:3012/all_custom_fields.json:0
[ 1505186ms] Identifier 'lastJstPreviewed' has already been declared
[ 1505360ms] [ERROR] Failed to load resource: the server responded with a status of 403 (Forbidden) @ http://localhost:3012/all_custom_fields.json:0
[ 1510054ms] Identifier 'lastJstPreviewed' has already been declared
[ 1510167ms] [ERROR] Failed to load resource: the server responded with a status of 403 (Forbidden) @ http://localhost:3012/all_custom_fields.json:0
