[     801ms] [LOG] ✅ Lazy loading initialized for 6 columns @ https://flux-f04qohdte49.forge.zehntech.com/assets/plugin_assets/agile_board/jira_board_adapter-02b5c20e.js:1394
[     802ms] [LOG] 🚀 initGroupToggle called @ https://flux-f04qohdte49.forge.zehntech.com/assets/plugin_assets/agile_board/jira_board_adapter-02b5c20e.js:2670
[     802ms] [LOG] ✅ Board element found, attaching event listener @ https://flux-f04qohdte49.forge.zehntech.com/assets/plugin_assets/agile_board/jira_board_adapter-02b5c20e.js:2678
[    1306ms] [LOG] 💾 Cached original board HTML for quick restoration @ https://flux-f04qohdte49.forge.zehntech.com/assets/plugin_assets/agile_board/jira_board_adapter-02b5c20e.js:2871
[  137043ms] [LOG] 🎯 Card moved: {issueId: 106, oldStatus: 8, newStatus: 9, oldGroup: undefined, newGroup: undefined} @ https://flux-f04qohdte49.forge.zehntech.com/assets/plugin_assets/agile_board/jira_board_adapter-02b5c20e.js:163
[  137044ms] [LOG] 📤 Sending update: {issue_id: 106, status_id: 9} @ https://flux-f04qohdte49.forge.zehntech.com/assets/plugin_assets/agile_board/rf_agile_board-db4e53bd.js:515
[  159866ms] [LOG] 🎯 Card moved: {issueId: 106, oldStatus: 9, newStatus: 8, oldGroup: undefined, newGroup: undefined} @ https://flux-f04qohdte49.forge.zehntech.com/assets/plugin_assets/agile_board/jira_board_adapter-02b5c20e.js:163
[  159867ms] [LOG] 📤 Sending update: {issue_id: 106, status_id: 8} @ https://flux-f04qohdte49.forge.zehntech.com/assets/plugin_assets/agile_board/rf_agile_board-db4e53bd.js:515
[  192865ms] [LOG] 🎯 Card moved: {issueId: 106, oldStatus: 8, newStatus: 9, oldGroup: undefined, newGroup: undefined} @ https://flux-f04qohdte49.forge.zehntech.com/assets/plugin_assets/agile_board/jira_board_adapter-02b5c20e.js:163
[  192866ms] [LOG] 📤 Sending update: {issue_id: 106, status_id: 9} @ https://flux-f04qohdte49.forge.zehntech.com/assets/plugin_assets/agile_board/rf_agile_board-db4e53bd.js:515
[  214955ms] [LOG] 🎯 Card moved: {issueId: 106, oldStatus: 9, newStatus: 8, oldGroup: undefined, newGroup: undefined} @ https://flux-f04qohdte49.forge.zehntech.com/assets/plugin_assets/agile_board/jira_board_adapter-02b5c20e.js:163
[  214955ms] [LOG] 📤 Sending update: {issue_id: 106, status_id: 8} @ https://flux-f04qohdte49.forge.zehntech.com/assets/plugin_assets/agile_board/rf_agile_board-db4e53bd.js:515
[  241564ms] [LOG] 🎯 Card moved: {issueId: 106, oldStatus: 8, newStatus: 9, oldGroup: undefined, newGroup: undefined} @ https://flux-f04qohdte49.forge.zehntech.com/assets/plugin_assets/agile_board/jira_board_adapter-02b5c20e.js:163
[  241565ms] [LOG] 📤 Sending update: {issue_id: 106, status_id: 9} @ https://flux-f04qohdte49.forge.zehntech.com/assets/plugin_assets/agile_board/rf_agile_board-db4e53bd.js:515
[  267023ms] [LOG] 🎯 Card moved: {issueId: 106, oldStatus: 9, newStatus: 8, oldGroup: undefined, newGroup: undefined} @ https://flux-f04qohdte49.forge.zehntech.com/assets/plugin_assets/agile_board/jira_board_adapter-02b5c20e.js:163
[  267023ms] [LOG] 📤 Sending update: {issue_id: 106, status_id: 8} @ https://flux-f04qohdte49.forge.zehntech.com/assets/plugin_assets/agile_board/rf_agile_board-db4e53bd.js:515
[  339638ms] [LOG] ✅ Lazy loading initialized for 6 columns @ https://flux-f04qohdte49.forge.zehntech.com/assets/plugin_assets/agile_board/jira_board_adapter-02b5c20e.js:1394
[  339638ms] [LOG] 🚀 initGroupToggle called @ https://flux-f04qohdte49.forge.zehntech.com/assets/plugin_assets/agile_board/jira_board_adapter-02b5c20e.js:2670
[  339638ms] [LOG] ✅ Board element found, attaching event listener @ https://flux-f04qohdte49.forge.zehntech.com/assets/plugin_assets/agile_board/jira_board_adapter-02b5c20e.js:2678
[  342201ms] [LOG] ✅ Lazy loading initialized for 18 columns @ https://flux-f04qohdte49.forge.zehntech.com/assets/plugin_assets/agile_board/jira_board_adapter-02b5c20e.js:1394
[  342201ms] [LOG] 🚀 initGroupToggle called @ https://flux-f04qohdte49.forge.zehntech.com/assets/plugin_assets/agile_board/jira_board_adapter-02b5c20e.js:2670
[  342201ms] [LOG] ✅ Board element found, attaching event listener @ https://flux-f04qohdte49.forge.zehntech.com/assets/plugin_assets/agile_board/jira_board_adapter-02b5c20e.js:2678
[  343946ms] [LOG] 🔵 Toggle clicked: 4 tracker @ https://flux-f04qohdte49.forge.zehntech.com/assets/plugin_assets/agile_board/jira_board_adapter-02b5c20e.js:2691
[  343946ms] [LOG] 🔍 Toggle button: JSHandle@node @ https://flux-f04qohdte49.forge.zehntech.com/assets/plugin_assets/agile_board/jira_board_adapter-02b5c20e.js:2692
[  343946ms] [LOG] 🔍 Dataset: DOMStringMap @ https://flux-f04qohdte49.forge.zehntech.com/assets/plugin_assets/agile_board/jira_board_adapter-02b5c20e.js:2693
[  343946ms] [LOG] 📊 Current state - Collapsed: true @ https://flux-f04qohdte49.forge.zehntech.com/assets/plugin_assets/agile_board/jira_board_adapter-02b5c20e.js:2714
[  343947ms] [LOG] 📦 isLoaded: false @ https://flux-f04qohdte49.forge.zehntech.com/assets/plugin_assets/agile_board/jira_board_adapter-02b5c20e.js:2720
[  343947ms] [LOG] ⏳ Starting to load cards... @ https://flux-f04qohdte49.forge.zehntech.com/assets/plugin_assets/agile_board/jira_board_adapter-02b5c20e.js:2723
[  343947ms] [LOG] 🎨 Showing loading spinner... @ https://flux-f04qohdte49.forge.zehntech.com/assets/plugin_assets/agile_board/jira_board_adapter-02b5c20e.js:2734
[  343947ms] [LOG] ✅ Spinner should be visible now @ https://flux-f04qohdte49.forge.zehntech.com/assets/plugin_assets/agile_board/jira_board_adapter-02b5c20e.js:2749
[  343947ms] [LOG] 📐 Columns element display: flex @ https://flux-f04qohdte49.forge.zehntech.com/assets/plugin_assets/agile_board/jira_board_adapter-02b5c20e.js:2750
[  343948ms] [LOG] 📐 Columns element computed style: flex @ https://flux-f04qohdte49.forge.zehntech.com/assets/plugin_assets/agile_board/jira_board_adapter-02b5c20e.js:2751
[  345489ms] [LOG] 🔵 Toggle clicked: 5 tracker @ https://flux-f04qohdte49.forge.zehntech.com/assets/plugin_assets/agile_board/jira_board_adapter-02b5c20e.js:2691
[  345489ms] [LOG] 🔍 Toggle button: JSHandle@node @ https://flux-f04qohdte49.forge.zehntech.com/assets/plugin_assets/agile_board/jira_board_adapter-02b5c20e.js:2692
[  345489ms] [LOG] 🔍 Dataset: DOMStringMap @ https://flux-f04qohdte49.forge.zehntech.com/assets/plugin_assets/agile_board/jira_board_adapter-02b5c20e.js:2693
[  345489ms] [LOG] 📊 Current state - Collapsed: true @ https://flux-f04qohdte49.forge.zehntech.com/assets/plugin_assets/agile_board/jira_board_adapter-02b5c20e.js:2714
[  345489ms] [LOG] 📦 isLoaded: false @ https://flux-f04qohdte49.forge.zehntech.com/assets/plugin_assets/agile_board/jira_board_adapter-02b5c20e.js:2720
[  345489ms] [LOG] ⏳ Starting to load cards... @ https://flux-f04qohdte49.forge.zehntech.com/assets/plugin_assets/agile_board/jira_board_adapter-02b5c20e.js:2723
[  345489ms] [LOG] 🎨 Showing loading spinner... @ https://flux-f04qohdte49.forge.zehntech.com/assets/plugin_assets/agile_board/jira_board_adapter-02b5c20e.js:2734
[  345489ms] [LOG] ✅ Spinner should be visible now @ https://flux-f04qohdte49.forge.zehntech.com/assets/plugin_assets/agile_board/jira_board_adapter-02b5c20e.js:2749
[  345489ms] [LOG] 📐 Columns element display: flex @ https://flux-f04qohdte49.forge.zehntech.com/assets/plugin_assets/agile_board/jira_board_adapter-02b5c20e.js:2750
[  345490ms] [LOG] 📐 Columns element computed style: flex @ https://flux-f04qohdte49.forge.zehntech.com/assets/plugin_assets/agile_board/jira_board_adapter-02b5c20e.js:2751
[  347787ms] [LOG] 🎯 Card moved: {issueId: 106, oldStatus: 8, newStatus: 8, oldGroup: 5, newGroup: 4} @ https://flux-f04qohdte49.forge.zehntech.com/assets/plugin_assets/agile_board/jira_board_adapter-02b5c20e.js:163
[  347788ms] [LOG] 📤 Sending update: {issue_id: 106, status_id: 8, tracker_id: 4} @ https://flux-f04qohdte49.forge.zehntech.com/assets/plugin_assets/agile_board/rf_agile_board-db4e53bd.js:515
[  352959ms] [LOG] 🎯 Card moved: {issueId: 258, oldStatus: 8, newStatus: 7, oldGroup: 5, newGroup: 4} @ https://flux-f04qohdte49.forge.zehntech.com/assets/plugin_assets/agile_board/jira_board_adapter-02b5c20e.js:163
[  352960ms] [LOG] 📤 Sending update: {issue_id: 258, status_id: 7, tracker_id: 4} @ https://flux-f04qohdte49.forge.zehntech.com/assets/plugin_assets/agile_board/rf_agile_board-db4e53bd.js:515
[  359715ms] [LOG] 🎯 Card moved: {issueId: 256, oldStatus: 8, newStatus: 8, oldGroup: 5, newGroup: 4} @ https://flux-f04qohdte49.forge.zehntech.com/assets/plugin_assets/agile_board/jira_board_adapter-02b5c20e.js:163
[  359715ms] [LOG] 📤 Sending update: {issue_id: 256, status_id: 8, tracker_id: 4} @ https://flux-f04qohdte49.forge.zehntech.com/assets/plugin_assets/agile_board/rf_agile_board-db4e53bd.js:515
[  388680ms] [LOG] ✅ Lazy loading initialized for 6 columns @ https://flux-f04qohdte49.forge.zehntech.com/assets/plugin_assets/agile_board/jira_board_adapter-02b5c20e.js:1394
[  388681ms] [LOG] 🚀 initGroupToggle called @ https://flux-f04qohdte49.forge.zehntech.com/assets/plugin_assets/agile_board/jira_board_adapter-02b5c20e.js:2670
[  388681ms] [LOG] ✅ Board element found, attaching event listener @ https://flux-f04qohdte49.forge.zehntech.com/assets/plugin_assets/agile_board/jira_board_adapter-02b5c20e.js:2678
[  389194ms] [LOG] 💾 Cached original board HTML for quick restoration @ https://flux-f04qohdte49.forge.zehntech.com/assets/plugin_assets/agile_board/jira_board_adapter-02b5c20e.js:2871
