[   10901ms] [LOG] Initializing home page... @ http://localhost:3012/assets/plugin_assets/redmineflux_scarlet/home_page-35786af4.js:18
[   10901ms] [LOG] Welcome header created @ http://localhost:3012/assets/plugin_assets/redmineflux_scarlet/home_page-35786af4.js:95
[   22020ms] [VERBOSE] [DOM] Password forms should have (optionally hidden) username fields for accessibility: (More info: https://goo.gl/9p2vKq) %o @ http://localhost:3012/my/password:0
[   24880ms] [LOG] Initializing home page... @ http://localhost:3012/assets/plugin_assets/redmineflux_scarlet/home_page-35786af4.js:18
[   24880ms] [LOG] Welcome header created @ http://localhost:3012/assets/plugin_assets/redmineflux_scarlet/home_page-35786af4.js:95
[   30495ms] [LOG] Initializing home page... @ http://localhost:3012/assets/plugin_assets/redmineflux_scarlet/home_page-35786af4.js:18
[   30495ms] [LOG] Welcome header created @ http://localhost:3012/assets/plugin_assets/redmineflux_scarlet/home_page-35786af4.js:95
[   60619ms] Unexpected token ';'
[   60624ms] Identifier 'lastJstPreviewed' has already been declared
[   63485ms] Unexpected token ';'
[   63486ms] Identifier 'lastJstPreviewed' has already been declared
[  309343ms] [ERROR] Failed to load resource: the server responded with a status of 401 (Unauthorized) @ http://localhost:3012/time_tracker/get_running_timer:0
[  312100ms] ReferenceError: keepAnchorOnSignIn is not defined
    at HTMLFormElement.onsubmit (http://localhost:3012/login?back_url=http%3A%2F%2Flocalhost%3A3012%2Fhelpdesk:925:161)
[  316707ms] [LOG] Initializing home page... @ http://localhost:3012/assets/plugin_assets/redmineflux_scarlet/home_page-35786af4.js:18
[  316708ms] [LOG] Welcome header created @ http://localhost:3012/assets/plugin_assets/redmineflux_scarlet/home_page-35786af4.js:95
[  363199ms] ReferenceError: keepAnchorOnSignIn is not defined
    at HTMLFormElement.onsubmit (http://localhost:3012/login:925:161)
[  363516ms] [LOG] Initializing home page... @ http://localhost:3012/assets/plugin_assets/redmineflux_scarlet/home_page-35786af4.js:18
[  363516ms] [LOG] Welcome header created @ http://localhost:3012/assets/plugin_assets/redmineflux_scarlet/home_page-35786af4.js:95
[  416066ms] [LOG] Initializing home page... @ http://localhost:3012/assets/plugin_assets/redmineflux_scarlet/home_page-35786af4.js:18
[  416067ms] [LOG] Welcome header created @ http://localhost:3012/assets/plugin_assets/redmineflux_scarlet/home_page-35786af4.js:95
[  422749ms] ReferenceError: keepAnchorOnSignIn is not defined
    at HTMLFormElement.onsubmit (http://localhost:3012/login:925:161)
[  422946ms] [LOG] Initializing home page... @ http://localhost:3012/assets/plugin_assets/redmineflux_scarlet/home_page-35786af4.js:18
[  422946ms] [LOG] Welcome header created @ http://localhost:3012/assets/plugin_assets/redmineflux_scarlet/home_page-35786af4.js:95
[  434254ms] [LOG] Initializing home page... @ http://localhost:3012/assets/plugin_assets/redmineflux_scarlet/home_page-35786af4.js:18
[  434254ms] [LOG] Welcome header created @ http://localhost:3012/assets/plugin_assets/redmineflux_scarlet/home_page-35786af4.js:95
[  439310ms] ReferenceError: keepAnchorOnSignIn is not defined
    at HTMLFormElement.onsubmit (http://localhost:3012/login:925:161)
[  439559ms] [LOG] Initializing home page... @ http://localhost:3012/assets/plugin_assets/redmineflux_scarlet/home_page-35786af4.js:18
[  439559ms] [LOG] Welcome header created @ http://localhost:3012/assets/plugin_assets/redmineflux_scarlet/home_page-35786af4.js:95
