[  442199ms] Identifier 'lastJstPreviewed' has already been declared
[  444159ms] [LOG] Initializing activity toggle... @ http://localhost:3012/assets/plugin_assets/redmineflux_scarlet/activity_page-273fd974.js:34
[  444160ms] [LOG] Found date headers: 5 @ http://localhost:3012/assets/plugin_assets/redmineflux_scarlet/activity_page-273fd974.js:37
[  444160ms] [LOG] Adding toggle to header 0 Today @ http://localhost:3012/assets/plugin_assets/redmineflux_scarlet/activity_page-273fd974.js:47
[  444160ms] [LOG] Adding toggle to header 1 09/02/2026 @ http://localhost:3012/assets/plugin_assets/redmineflux_scarlet/activity_page-273fd974.js:47
[  444160ms] [LOG] Adding toggle to header 2 09/01/2026 @ http://localhost:3012/assets/plugin_assets/redmineflux_scarlet/activity_page-273fd974.js:47
[  444161ms] [LOG] Adding toggle to header 3 08/31/2026 @ http://localhost:3012/assets/plugin_assets/redmineflux_scarlet/activity_page-273fd974.js:47
[  444161ms] [LOG] Adding toggle to header 4 08/27/2026 @ http://localhost:3012/assets/plugin_assets/redmineflux_scarlet/activity_page-273fd974.js:47
[  445797ms] Identifier 'lastJstPreviewed' has already been declared
[  447285ms] [LOG] Initializing activity toggle... @ http://localhost:3012/assets/plugin_assets/redmineflux_scarlet/activity_page-273fd974.js:34
[  447285ms] [LOG] Found date headers: 1 @ http://localhost:3012/assets/plugin_assets/redmineflux_scarlet/activity_page-273fd974.js:37
[  447286ms] [LOG] Adding toggle to header 0 Today @ http://localhost:3012/assets/plugin_assets/redmineflux_scarlet/activity_page-273fd974.js:47
[  449752ms] Identifier 'lastJstPreviewed' has already been declared
[ 1304633ms] [LOG] Initializing home page... @ http://localhost:3012/assets/plugin_assets/redmineflux_scarlet/home_page-35786af4.js:18
[ 1304633ms] [LOG] Welcome header created @ http://localhost:3012/assets/plugin_assets/redmineflux_scarlet/home_page-35786af4.js:95
[ 1329482ms] ReferenceError: keepAnchorOnSignIn is not defined
    at HTMLFormElement.onsubmit (http://localhost:3012/login:960:161)
[ 1330150ms] [LOG] Initializing home page... @ http://localhost:3012/assets/plugin_assets/redmineflux_scarlet/home_page-35786af4.js:18
[ 1330150ms] [LOG] Welcome header created @ http://localhost:3012/assets/plugin_assets/redmineflux_scarlet/home_page-35786af4.js:95
[ 1355395ms] [ERROR] Failed to load resource: the server responded with a status of 404 (Not Found) @ http://localhost:3012/plugin_assets/redmineflux_scarlet/images/priority_medium.svg:0
[ 1363464ms] Identifier 'lastJstPreviewed' has already been declared
[ 1403463ms] Identifier 'lastJstPreviewed' has already been declared
[ 1469406ms] Identifier 'lastJstPreviewed' has already been declared
[ 1536954ms] Identifier 'lastJstPreviewed' has already been declared
[ 1556069ms] [LOG] Initializing home page... @ http://localhost:3012/assets/plugin_assets/redmineflux_scarlet/home_page-35786af4.js:18
[ 1556070ms] [LOG] Welcome header created @ http://localhost:3012/assets/plugin_assets/redmineflux_scarlet/home_page-35786af4.js:95
[ 1581467ms] ReferenceError: keepAnchorOnSignIn is not defined
    at HTMLFormElement.onsubmit (http://localhost:3012/login:960:161)
[ 1582126ms] [LOG] Initializing home page... @ http://localhost:3012/assets/plugin_assets/redmineflux_scarlet/home_page-35786af4.js:18
[ 1582126ms] [LOG] Welcome header created @ http://localhost:3012/assets/plugin_assets/redmineflux_scarlet/home_page-35786af4.js:95
[ 1610943ms] Unexpected token ';'
[ 1610944ms] Identifier 'lastJstPreviewed' has already been declared
[ 1628248ms] Unexpected token ';'
[ 1628257ms] Identifier 'lastJstPreviewed' has already been declared
[ 1664218ms] [LOG] Initializing home page... @ http://localhost:3012/assets/plugin_assets/redmineflux_scarlet/home_page-35786af4.js:18
[ 1664219ms] [LOG] Welcome header created @ http://localhost:3012/assets/plugin_assets/redmineflux_scarlet/home_page-35786af4.js:95
[ 1688420ms] ReferenceError: keepAnchorOnSignIn is not defined
    at HTMLFormElement.onsubmit (http://localhost:3012/login:960:161)
[ 1688752ms] [LOG] Initializing home page... @ http://localhost:3012/assets/plugin_assets/redmineflux_scarlet/home_page-35786af4.js:18
[ 1688753ms] [LOG] Welcome header created @ http://localhost:3012/assets/plugin_assets/redmineflux_scarlet/home_page-35786af4.js:95
[ 1860858ms] [LOG] Initializing home page... @ http://localhost:3012/assets/plugin_assets/redmineflux_scarlet/home_page-35786af4.js:18
[ 1860859ms] [LOG] Welcome header created @ http://localhost:3012/assets/plugin_assets/redmineflux_scarlet/home_page-35786af4.js:95
[ 1885003ms] ReferenceError: keepAnchorOnSignIn is not defined
    at HTMLFormElement.onsubmit (http://localhost:3012/login:960:161)
[ 1885409ms] [LOG] Initializing home page... @ http://localhost:3012/assets/plugin_assets/redmineflux_scarlet/home_page-35786af4.js:18
[ 1885410ms] [LOG] Welcome header created @ http://localhost:3012/assets/plugin_assets/redmineflux_scarlet/home_page-35786af4.js:95
[ 1909249ms] [ERROR] Failed to load resource: the server responded with a status of 404 (Not Found) @ http://localhost:3012/plugin_assets/redmineflux_scarlet/images/priority_medium.svg:0
[ 1917666ms] Identifier 'lastJstPreviewed' has already been declared
[ 1966588ms] Identifier 'lastJstPreviewed' has already been declared
[ 2134352ms] [LOG] Initializing home page... @ http://localhost:3012/assets/plugin_assets/redmineflux_scarlet/home_page-35786af4.js:18
[ 2134353ms] [LOG] Welcome header created @ http://localhost:3012/assets/plugin_assets/redmineflux_scarlet/home_page-35786af4.js:95
[ 2163571ms] ReferenceError: keepAnchorOnSignIn is not defined
    at HTMLFormElement.onsubmit (http://localhost:3012/login:960:161)
[ 2163923ms] [LOG] Initializing home page... @ http://localhost:3012/assets/plugin_assets/redmineflux_scarlet/home_page-35786af4.js:18
[ 2163924ms] [LOG] Welcome header created @ http://localhost:3012/assets/plugin_assets/redmineflux_scarlet/home_page-35786af4.js:95
[ 2230136ms] [LOG] Initializing home page... @ http://localhost:3012/assets/plugin_assets/redmineflux_scarlet/home_page-35786af4.js:18
[ 2230137ms] [LOG] Welcome header created @ http://localhost:3012/assets/plugin_assets/redmineflux_scarlet/home_page-35786af4.js:95
[ 2255173ms] ReferenceError: keepAnchorOnSignIn is not defined
    at HTMLFormElement.onsubmit (http://localhost:3012/login:960:161)
[ 2255756ms] [LOG] Initializing home page... @ http://localhost:3012/assets/plugin_assets/redmineflux_scarlet/home_page-35786af4.js:18
[ 2255757ms] [LOG] Welcome header created @ http://localhost:3012/assets/plugin_assets/redmineflux_scarlet/home_page-35786af4.js:95
[ 2279644ms] [ERROR] Failed to load resource: the server responded with a status of 404 (Not Found) @ http://localhost:3012/plugin_assets/redmineflux_scarlet/images/priority_medium.svg:0
[ 2288355ms] Identifier 'lastJstPreviewed' has already been declared
[ 2333599ms] Identifier 'lastJstPreviewed' has already been declared
[ 2449725ms] [LOG] Initializing home page... @ http://localhost:3012/assets/plugin_assets/redmineflux_scarlet/home_page-35786af4.js:18
[ 2449725ms] [LOG] Welcome header created @ http://localhost:3012/assets/plugin_assets/redmineflux_scarlet/home_page-35786af4.js:95
[ 2475179ms] ReferenceError: keepAnchorOnSignIn is not defined
    at HTMLFormElement.onsubmit (http://localhost:3012/login:960:161)
[ 2475533ms] [LOG] Initializing home page... @ http://localhost:3012/assets/plugin_assets/redmineflux_scarlet/home_page-35786af4.js:18
[ 2475534ms] [LOG] Welcome header created @ http://localhost:3012/assets/plugin_assets/redmineflux_scarlet/home_page-35786af4.js:95
[ 2557169ms] [LOG] Initializing home page... @ http://localhost:3012/assets/plugin_assets/redmineflux_scarlet/home_page-35786af4.js:18
[ 2557170ms] [LOG] Welcome header created @ http://localhost:3012/assets/plugin_assets/redmineflux_scarlet/home_page-35786af4.js:95
[ 2586136ms] ReferenceError: keepAnchorOnSignIn is not defined
    at HTMLFormElement.onsubmit (http://localhost:3012/login:960:161)
[ 2586770ms] [LOG] Initializing home page... @ http://localhost:3012/assets/plugin_assets/redmineflux_scarlet/home_page-35786af4.js:18
[ 2586771ms] [LOG] Welcome header created @ http://localhost:3012/assets/plugin_assets/redmineflux_scarlet/home_page-35786af4.js:95
[ 2611761ms] [ERROR] Failed to load resource: the server responded with a status of 404 (Not Found) @ http://localhost:3012/plugin_assets/redmineflux_scarlet/images/priority_medium.svg:0
[ 2620631ms] Identifier 'lastJstPreviewed' has already been declared
[ 2680648ms] Identifier 'lastJstPreviewed' has already been declared
[ 2685757ms] [ERROR] Failed to load resource: net::ERR_NETWORK_IO_SUSPENDED @ http://localhost:3012/time_tracker/get_running_timer:0
[ 6003512ms] [ERROR] Failed to load resource: net::ERR_NETWORK_CHANGED @ http://localhost:3012/time_tracker/get_running_timer:0
[ 6039696ms] [ERROR] Failed to load resource: net::ERR_CONNECTION_RESET @ http://localhost:3012/time_tracker/get_running_timer:0
