[    1098ms] [LOG] Restoring auto-refresh state - Interval: null Enabled: null @ https://flux-f04qohdte49.forge.zehntech.com/public/analytics_dashboard/s5arH31jqQzaeunUK20MBRnDdAjTl0xMjhK2ogvfncA:249
[    1099ms] [LOG] Auto-refresh was not enabled, staying OFF @ https://flux-f04qohdte49.forge.zehntech.com/public/analytics_dashboard/s5arH31jqQzaeunUK20MBRnDdAjTl0xMjhK2ogvfncA:261
[    1100ms] [LOG] Chart Data: {5: Object, 6: Object} @ https://flux-f04qohdte49.forge.zehntech.com/public/analytics_dashboard/s5arH31jqQzaeunUK20MBRnDdAjTl0xMjhK2ogvfncA:989
[    1101ms] [LOG] Widget Settings: [Object, Object] @ https://flux-f04qohdte49.forge.zehntech.com/public/analytics_dashboard/s5arH31jqQzaeunUK20MBRnDdAjTl0xMjhK2ogvfncA:990
[    1103ms] [LOG] Creating chart for widget: 5 Settings: {legendPosition: bottom, showDataLabels: false} @ https://flux-f04qohdte49.forge.zehntech.com/public/analytics_dashboard/s5arH31jqQzaeunUK20MBRnDdAjTl0xMjhK2ogvfncA:1064
[    1103ms] [LOG] Using chart type: doughnut Is gauge: false @ https://flux-f04qohdte49.forge.zehntech.com/public/analytics_dashboard/s5arH31jqQzaeunUK20MBRnDdAjTl0xMjhK2ogvfncA:1090
[    1103ms] [LOG] Is stacked chart: false @ https://flux-f04qohdte49.forge.zehntech.com/public/analytics_dashboard/s5arH31jqQzaeunUK20MBRnDdAjTl0xMjhK2ogvfncA:1094
[    1131ms] [LOG] Chart created successfully for widget: 5 @ https://flux-f04qohdte49.forge.zehntech.com/public/analytics_dashboard/s5arH31jqQzaeunUK20MBRnDdAjTl0xMjhK2ogvfncA:1459
[    1132ms] [LOG] Creating chart for widget: 6 Settings: {legendPosition: bottom, showDataLabels: false} @ https://flux-f04qohdte49.forge.zehntech.com/public/analytics_dashboard/s5arH31jqQzaeunUK20MBRnDdAjTl0xMjhK2ogvfncA:1064
[    1132ms] [LOG] Using chart type: doughnut Is gauge: false @ https://flux-f04qohdte49.forge.zehntech.com/public/analytics_dashboard/s5arH31jqQzaeunUK20MBRnDdAjTl0xMjhK2ogvfncA:1090
[    1132ms] [LOG] Is stacked chart: false @ https://flux-f04qohdte49.forge.zehntech.com/public/analytics_dashboard/s5arH31jqQzaeunUK20MBRnDdAjTl0xMjhK2ogvfncA:1094
[    1139ms] [LOG] Chart created successfully for widget: 6 @ https://flux-f04qohdte49.forge.zehntech.com/public/analytics_dashboard/s5arH31jqQzaeunUK20MBRnDdAjTl0xMjhK2ogvfncA:1459
[   33680ms] [LOG] User clicked to turn ON auto-refresh with interval: 60 @ https://flux-f04qohdte49.forge.zehntech.com/public/analytics_dashboard/s5arH31jqQzaeunUK20MBRnDdAjTl0xMjhK2ogvfncA:208
[   33680ms] [LOG] Starting auto-refresh with interval: 60 @ https://flux-f04qohdte49.forge.zehntech.com/public/analytics_dashboard/s5arH31jqQzaeunUK20MBRnDdAjTl0xMjhK2ogvfncA:78
[   33680ms] [LOG] Stopping auto-refresh, clearStorage: false type: boolean @ https://flux-f04qohdte49.forge.zehntech.com/public/analytics_dashboard/s5arH31jqQzaeunUK20MBRnDdAjTl0xMjhK2ogvfncA:108
[   33680ms] [LOG] Keeping sessionStorage auto-refresh state for persistence @ https://flux-f04qohdte49.forge.zehntech.com/public/analytics_dashboard/s5arH31jqQzaeunUK20MBRnDdAjTl0xMjhK2ogvfncA:125
[   33681ms] [LOG] updateUI called - refreshTimer: true @ https://flux-f04qohdte49.forge.zehntech.com/public/analytics_dashboard/s5arH31jqQzaeunUK20MBRnDdAjTl0xMjhK2ogvfncA:135
[   33681ms] [LOG] UI updated: Auto-refresh is ON @ https://flux-f04qohdte49.forge.zehntech.com/public/analytics_dashboard/s5arH31jqQzaeunUK20MBRnDdAjTl0xMjhK2ogvfncA:143
[   33681ms] [LOG] Auto-refresh started successfully, refreshTimer: true @ https://flux-f04qohdte49.forge.zehntech.com/public/analytics_dashboard/s5arH31jqQzaeunUK20MBRnDdAjTl0xMjhK2ogvfncA:93
[   33681ms] [LOG] Saved to sessionStorage: enabled=true, interval=60 @ https://flux-f04qohdte49.forge.zehntech.com/public/analytics_dashboard/s5arH31jqQzaeunUK20MBRnDdAjTl0xMjhK2ogvfncA:215
[   93688ms] [LOG] Refreshing dashboard with page reload... @ https://flux-f04qohdte49.forge.zehntech.com/public/analytics_dashboard/s5arH31jqQzaeunUK20MBRnDdAjTl0xMjhK2ogvfncA:61
[   93688ms] [LOG] Confirmed sessionStorage before reload: enabled=true, interval=60 @ https://flux-f04qohdte49.forge.zehntech.com/public/analytics_dashboard/s5arH31jqQzaeunUK20MBRnDdAjTl0xMjhK2ogvfncA:68
[   93689ms] [LOG] Stopping auto-refresh, clearStorage: BeforeUnloadEvent type: object @ https://flux-f04qohdte49.forge.zehntech.com/public/analytics_dashboard/s5arH31jqQzaeunUK20MBRnDdAjTl0xMjhK2ogvfncA:108
[   93689ms] [LOG] Keeping sessionStorage auto-refresh state for persistence @ https://flux-f04qohdte49.forge.zehntech.com/public/analytics_dashboard/s5arH31jqQzaeunUK20MBRnDdAjTl0xMjhK2ogvfncA:125
[   93920ms] [LOG] Restoring auto-refresh state - Interval: 60 Enabled: true @ https://flux-f04qohdte49.forge.zehntech.com/public/analytics_dashboard/s5arH31jqQzaeunUK20MBRnDdAjTl0xMjhK2ogvfncA:249
[   93920ms] [LOG] Auto-starting refresh with interval: 60 @ https://flux-f04qohdte49.forge.zehntech.com/public/analytics_dashboard/s5arH31jqQzaeunUK20MBRnDdAjTl0xMjhK2ogvfncA:258
[   93920ms] [LOG] Starting auto-refresh with interval: 60 @ https://flux-f04qohdte49.forge.zehntech.com/public/analytics_dashboard/s5arH31jqQzaeunUK20MBRnDdAjTl0xMjhK2ogvfncA:78
[   93920ms] [LOG] Stopping auto-refresh, clearStorage: false type: boolean @ https://flux-f04qohdte49.forge.zehntech.com/public/analytics_dashboard/s5arH31jqQzaeunUK20MBRnDdAjTl0xMjhK2ogvfncA:108
[   93920ms] [LOG] Keeping sessionStorage auto-refresh state for persistence @ https://flux-f04qohdte49.forge.zehntech.com/public/analytics_dashboard/s5arH31jqQzaeunUK20MBRnDdAjTl0xMjhK2ogvfncA:125
[   93921ms] [LOG] updateUI called - refreshTimer: true @ https://flux-f04qohdte49.forge.zehntech.com/public/analytics_dashboard/s5arH31jqQzaeunUK20MBRnDdAjTl0xMjhK2ogvfncA:135
[   93921ms] [LOG] UI updated: Auto-refresh is ON @ https://flux-f04qohdte49.forge.zehntech.com/public/analytics_dashboard/s5arH31jqQzaeunUK20MBRnDdAjTl0xMjhK2ogvfncA:143
[   93921ms] [LOG] Auto-refresh started successfully, refreshTimer: true @ https://flux-f04qohdte49.forge.zehntech.com/public/analytics_dashboard/s5arH31jqQzaeunUK20MBRnDdAjTl0xMjhK2ogvfncA:93
[   93921ms] [LOG] Chart Data: {5: Object, 6: Object} @ https://flux-f04qohdte49.forge.zehntech.com/public/analytics_dashboard/s5arH31jqQzaeunUK20MBRnDdAjTl0xMjhK2ogvfncA:989
[   93922ms] [LOG] Widget Settings: [Object, Object] @ https://flux-f04qohdte49.forge.zehntech.com/public/analytics_dashboard/s5arH31jqQzaeunUK20MBRnDdAjTl0xMjhK2ogvfncA:990
[   93922ms] [LOG] Creating chart for widget: 5 Settings: {legendPosition: bottom, showDataLabels: false} @ https://flux-f04qohdte49.forge.zehntech.com/public/analytics_dashboard/s5arH31jqQzaeunUK20MBRnDdAjTl0xMjhK2ogvfncA:1064
[   93922ms] [LOG] Using chart type: doughnut Is gauge: false @ https://flux-f04qohdte49.forge.zehntech.com/public/analytics_dashboard/s5arH31jqQzaeunUK20MBRnDdAjTl0xMjhK2ogvfncA:1090
[   93922ms] [LOG] Is stacked chart: false @ https://flux-f04qohdte49.forge.zehntech.com/public/analytics_dashboard/s5arH31jqQzaeunUK20MBRnDdAjTl0xMjhK2ogvfncA:1094
[   93935ms] [LOG] Chart created successfully for widget: 5 @ https://flux-f04qohdte49.forge.zehntech.com/public/analytics_dashboard/s5arH31jqQzaeunUK20MBRnDdAjTl0xMjhK2ogvfncA:1459
[   93935ms] [LOG] Creating chart for widget: 6 Settings: {legendPosition: bottom, showDataLabels: false} @ https://flux-f04qohdte49.forge.zehntech.com/public/analytics_dashboard/s5arH31jqQzaeunUK20MBRnDdAjTl0xMjhK2ogvfncA:1064
[   93935ms] [LOG] Using chart type: doughnut Is gauge: false @ https://flux-f04qohdte49.forge.zehntech.com/public/analytics_dashboard/s5arH31jqQzaeunUK20MBRnDdAjTl0xMjhK2ogvfncA:1090
[   93935ms] [LOG] Is stacked chart: false @ https://flux-f04qohdte49.forge.zehntech.com/public/analytics_dashboard/s5arH31jqQzaeunUK20MBRnDdAjTl0xMjhK2ogvfncA:1094
[   93940ms] [LOG] Chart created successfully for widget: 6 @ https://flux-f04qohdte49.forge.zehntech.com/public/analytics_dashboard/s5arH31jqQzaeunUK20MBRnDdAjTl0xMjhK2ogvfncA:1459
