[     360ms] Identifier 'lastJstPreviewed' has already been declared
[     424ms] [ERROR] Failed to load resource: the server responded with a status of 403 (Forbidden) @ http://localhost:3012/all_custom_fields.json:0
[   12467ms] [LOG] Initializing home page... @ http://localhost:3012/assets/plugin_assets/redmineflux_scarlet/home_page-35786af4.js:18
[   12468ms] [LOG] Welcome header created @ http://localhost:3012/assets/plugin_assets/redmineflux_scarlet/home_page-35786af4.js:95
[   37917ms] ReferenceError: keepAnchorOnSignIn is not defined
    at HTMLFormElement.onsubmit (http://localhost:3012/login:960:161)
[   38368ms] [LOG] Initializing home page... @ http://localhost:3012/assets/plugin_assets/redmineflux_scarlet/home_page-35786af4.js:18
[   38369ms] [LOG] Welcome header created @ http://localhost:3012/assets/plugin_assets/redmineflux_scarlet/home_page-35786af4.js:95
[   72514ms] Identifier 'lastJstPreviewed' has already been declared
[   72599ms] [ERROR] Failed to load resource: the server responded with a status of 403 (Forbidden) @ http://localhost:3012/all_custom_fields.json:0
[   95785ms] [ERROR] Failed to load resource: the server responded with a status of 404 (Not Found) @ http://localhost:3012/plugin_assets/redmineflux_checklist/javascripts/checklist.js?_=1788170933920:0
[   95793ms] [ERROR] Failed to load resource: the server responded with a status of 404 (Not Found) @ http://localhost:3012/plugin_assets/redmineflux_checklist/javascripts/checklist_checkbox.js?_=1788170933921:0
[   97683ms] Identifier 'lastJstPreviewed' has already been declared
[   97744ms] [ERROR] Failed to load resource: the server responded with a status of 403 (Forbidden) @ http://localhost:3012/all_custom_fields.json:0
[  122094ms] [ERROR] Failed to load resource: the server responded with a status of 404 (Not Found) @ http://localhost:3012/plugin_assets/redmineflux_checklist/javascripts/checklist_checkbox.js?_=1788170959092:0
[  122096ms] [ERROR] Failed to load resource: the server responded with a status of 404 (Not Found) @ http://localhost:3012/plugin_assets/redmineflux_checklist/javascripts/checklist.js?_=1788170959091:0
[  123207ms] Identifier 'lastJstPreviewed' has already been declared
[  123304ms] [ERROR] Failed to load resource: the server responded with a status of 403 (Forbidden) @ http://localhost:3012/all_custom_fields.json:0
[  147334ms] [ERROR] Failed to load resource: the server responded with a status of 404 (Not Found) @ http://localhost:3012/plugin_assets/redmineflux_checklist/javascripts/checklist_checkbox.js?_=1788170984618:0
[  147335ms] [ERROR] Failed to load resource: the server responded with a status of 404 (Not Found) @ http://localhost:3012/plugin_assets/redmineflux_checklist/javascripts/checklist.js?_=1788170984617:0
[  148995ms] Identifier 'lastJstPreviewed' has already been declared
[  149106ms] [ERROR] Failed to load resource: the server responded with a status of 403 (Forbidden) @ http://localhost:3012/all_custom_fields.json:0
