[    1135ms] [WARNING] %cEditor.js 2.26.5%c «blocks.stretchBlock()» is deprecated and will be removed in the next major release. Please use the «BlockAPI» instead. line-height: 1em;
            color: #006FEA;
            display: inline-block;
            font-size: 11px;
            line-height: 1em;
            background-color: #fff;
            padding: 4px 9px;
            border-radius: 30px;
            border: 1px solid rgba(56, 138, 229, 0.16);
            margin: 4px 5px 4px 0; color: inherit @ http://localhost:3012/assets/plugin_assets/redmineflux_helpdesk/editor-88895c04.js:277
[    1158ms] [LOG] %cEditor.js 2.26.5%c I'm ready! (ﾉ◕ヮ◕)ﾉ*:･ﾟ✧ line-height: 1em;
            color: #006FEA;
            display: inline-block;
            font-size: 11px;
            line-height: 1em;
            background-color: #fff;
            padding: 4px 9px;
            border-radius: 30px;
            border: 1px solid rgba(56, 138, 229, 0.16);
            margin: 4px 5px 4px 0; color: #E24A75 @ http://localhost:3012/assets/plugin_assets/redmineflux_helpdesk/editor-88895c04.js:277
[   17153ms] [LOG] Block «paragraph» skipped because saved data is invalid @ http://localhost:3012/assets/plugin_assets/redmineflux_helpdesk/editor-88895c04.js:277
[   17154ms] [LOG] Total %o 0.09999999403953552 @ http://localhost:3012/assets/plugin_assets/redmineflux_helpdesk/editor-88895c04.js:271
