[    6856ms] [LOG] [RfGantt] rf_gantt_utils.js loaded @ https://flux-f6nlrqpvk49.forge.zehntech.com/assets/plugin_assets/redmineflux_gantt_plugin/rf_gantt_utils-58e4489f.js:6
[    6878ms] [LOG] [RfGantt] rf_gantt_app.js loaded @ https://flux-f6nlrqpvk49.forge.zehntech.com/assets/plugin_assets/redmineflux_gantt_plugin/rf_gantt_app-89211801.js:162
[    6969ms] [LOG] [RfGantt] Initializing Flux Gantt Plugin... @ https://flux-f6nlrqpvk49.forge.zehntech.com/assets/plugin_assets/redmineflux_gantt_plugin/rf_gantt_app-89211801.js:189
[    6970ms] [LOG] [RfGantt][CustomFields][Project] bootstrap {trackerCount: 3, issueCustomFieldTrackerKeys: Array(0), versionCustomFieldCount: 0} @ https://flux-f6nlrqpvk49.forge.zehntech.com/assets/plugin_assets/redmineflux_gantt_plugin/rf_gantt_app-89211801.js:245
[    7048ms] [LOG] [RfGantt] Init complete. Fetching versions from /projects/fluxganttproject/flux_gantt/versions @ https://flux-f6nlrqpvk49.forge.zehntech.com/assets/plugin_assets/redmineflux_gantt_plugin/rf_gantt_app-89211801.js:415
[    7316ms] [LOG] [RfGantt] Versions API response: {versions: Array(4), date_range: Object} @ https://flux-f6nlrqpvk49.forge.zehntech.com/assets/plugin_assets/redmineflux_gantt_plugin/rf_gantt_app-89211801.js:418
[    7316ms] [LOG] [RfGantt] Loaded 4 versions @ https://flux-f6nlrqpvk49.forge.zehntech.com/assets/plugin_assets/redmineflux_gantt_plugin/rf_gantt_app-89211801.js:420
[   29050ms] [LOG] [RfGantt][CustomFields][IssueModal] lookup {mode: project, trackerId: 4, projectId: , sourceKeys: Array(0), rawFieldCount: 0} @ https://flux-f6nlrqpvk49.forge.zehntech.com/assets/plugin_assets/redmineflux_gantt_plugin/rf_gantt_modal-e46f5e12.js:548
[   29050ms] [LOG] [RfGantt][CustomFields][IssueModal] render {mode: project, trackerId: 4, projectId: , fieldCount: 0, fields: Array(0)} @ https://flux-f6nlrqpvk49.forge.zehntech.com/assets/plugin_assets/redmineflux_gantt_plugin/rf_gantt_modal-e46f5e12.js:518
[   56325ms] [LOG] [RfGantt][CustomFields][IssueModal] lookup {mode: project, trackerId: 4, projectId: null, sourceKeys: Array(0), rawFieldCount: 0} @ https://flux-f6nlrqpvk49.forge.zehntech.com/assets/plugin_assets/redmineflux_gantt_plugin/rf_gantt_modal-e46f5e12.js:548
[   60430ms] [LOG] [RfGantt][CustomFields][IssueModal] lookup {mode: project, trackerId: 4, projectId: , sourceKeys: Array(0), rawFieldCount: 0} @ https://flux-f6nlrqpvk49.forge.zehntech.com/assets/plugin_assets/redmineflux_gantt_plugin/rf_gantt_modal-e46f5e12.js:548
[   60430ms] [LOG] [RfGantt][CustomFields][IssueModal] render {mode: project, trackerId: 4, projectId: , fieldCount: 0, fields: Array(0)} @ https://flux-f6nlrqpvk49.forge.zehntech.com/assets/plugin_assets/redmineflux_gantt_plugin/rf_gantt_modal-e46f5e12.js:518
[   87255ms] [LOG] [RfGantt][CustomFields][IssueModal] lookup {mode: project, trackerId: 4, projectId: null, sourceKeys: Array(0), rawFieldCount: 0} @ https://flux-f6nlrqpvk49.forge.zehntech.com/assets/plugin_assets/redmineflux_gantt_plugin/rf_gantt_modal-e46f5e12.js:548
[  124217ms] [LOG] [RfGanttUnversionedDnd] dragstart {issueId: 266, stateMode: project} @ https://flux-f6nlrqpvk49.forge.zehntech.com/assets/plugin_assets/redmineflux_gantt_plugin/rf_gantt_unversioned-2d22930a.js:53
[  124234ms] [LOG] [RfGanttUnversionedDnd] resolve-drop-date {clientX: 1535, bodyLeft: 525, bodyScrollLeft: 0, x: 1010, date: 2026-09-30} @ https://flux-f6nlrqpvk49.forge.zehntech.com/assets/plugin_assets/redmineflux_gantt_plugin/rf_gantt_unversioned-2d22930a.js:53
[  124235ms] [LOG] [RfGanttUnversionedDnd] dragover-valid {issueId: 266, versionId: 1, dropDate: 2026-09-30} @ https://flux-f6nlrqpvk49.forge.zehntech.com/assets/plugin_assets/redmineflux_gantt_plugin/rf_gantt_unversioned-2d22930a.js:53
[  124243ms] [LOG] [RfGanttUnversionedDnd] resolve-drop-date {clientX: 1535, bodyLeft: 525, bodyScrollLeft: 0, x: 1010, date: 2026-09-30} @ https://flux-f6nlrqpvk49.forge.zehntech.com/assets/plugin_assets/redmineflux_gantt_plugin/rf_gantt_unversioned-2d22930a.js:53
[  124244ms] [LOG] [RfGanttUnversionedDnd] drop-attempt {issueId: 266, rowVersionId: 1, contextValid: true, reason: null, dropDate: 2026-09-30} @ https://flux-f6nlrqpvk49.forge.zehntech.com/assets/plugin_assets/redmineflux_gantt_plugin/rf_gantt_unversioned-2d22930a.js:53
[  124244ms] [LOG] [RfGanttUnversionedDnd] drop-local-remove {issueId: 266, removed: true, unversionedCountAfterRemove: 8} @ https://flux-f6nlrqpvk49.forge.zehntech.com/assets/plugin_assets/redmineflux_gantt_plugin/rf_gantt_unversioned-2d22930a.js:53
[  124284ms] [LOG] [RfGanttUnversionedDnd] dragend {issueId: 266} @ https://flux-f6nlrqpvk49.forge.zehntech.com/assets/plugin_assets/redmineflux_gantt_plugin/rf_gantt_unversioned-2d22930a.js:53
[  124436ms] [LOG] [RfGanttUnversionedDnd] updateIssue-dates-response {issueId: 266, start_date: 2026-09-30, due_date: 2026-09-30, success: true, errors: null} @ https://flux-f6nlrqpvk49.forge.zehntech.com/assets/plugin_assets/redmineflux_gantt_plugin/rf_gantt_unversioned-2d22930a.js:53
[  124597ms] [LOG] [RfGanttUnversionedDnd] assignVersion-response {issueId: 266, versionId: 1, success: true, errors: null} @ https://flux-f6nlrqpvk49.forge.zehntech.com/assets/plugin_assets/redmineflux_gantt_plugin/rf_gantt_unversioned-2d22930a.js:53
[  124677ms] [LOG] [RfGanttUnversionedDnd] refresh-version-after-drop {versionId: 1, issueId: 266, showLoader: true} @ https://flux-f6nlrqpvk49.forge.zehntech.com/assets/plugin_assets/redmineflux_gantt_plugin/rf_gantt_unversioned-2d22930a.js:53
[  138417ms] [LOG] [RfGanttUnversionedDnd] dragstart {issueId: 267, stateMode: project} @ https://flux-f6nlrqpvk49.forge.zehntech.com/assets/plugin_assets/redmineflux_gantt_plugin/rf_gantt_unversioned-2d22930a.js:53
[  138454ms] [LOG] [RfGanttUnversionedDnd] resolve-drop-date {clientX: 1535, bodyLeft: 525, bodyScrollLeft: 0, x: 1010, date: 2026-09-30} @ https://flux-f6nlrqpvk49.forge.zehntech.com/assets/plugin_assets/redmineflux_gantt_plugin/rf_gantt_unversioned-2d22930a.js:53
[  138455ms] [LOG] [RfGanttUnversionedDnd] dragover-valid {issueId: 267, versionId: 1, dropDate: 2026-09-30} @ https://flux-f6nlrqpvk49.forge.zehntech.com/assets/plugin_assets/redmineflux_gantt_plugin/rf_gantt_unversioned-2d22930a.js:53
[  138471ms] [LOG] [RfGanttUnversionedDnd] resolve-drop-date {clientX: 1535, bodyLeft: 525, bodyScrollLeft: 0, x: 1010, date: 2026-09-30} @ https://flux-f6nlrqpvk49.forge.zehntech.com/assets/plugin_assets/redmineflux_gantt_plugin/rf_gantt_unversioned-2d22930a.js:53
[  138471ms] [LOG] [RfGanttUnversionedDnd] drop-attempt {issueId: 267, rowVersionId: 1, contextValid: true, reason: null, dropDate: 2026-09-30} @ https://flux-f6nlrqpvk49.forge.zehntech.com/assets/plugin_assets/redmineflux_gantt_plugin/rf_gantt_unversioned-2d22930a.js:53
[  138472ms] [LOG] [RfGanttUnversionedDnd] drop-local-remove {issueId: 267, removed: true, unversionedCountAfterRemove: 7} @ https://flux-f6nlrqpvk49.forge.zehntech.com/assets/plugin_assets/redmineflux_gantt_plugin/rf_gantt_unversioned-2d22930a.js:53
[  138542ms] [LOG] [RfGanttUnversionedDnd] dragend {issueId: 267} @ https://flux-f6nlrqpvk49.forge.zehntech.com/assets/plugin_assets/redmineflux_gantt_plugin/rf_gantt_unversioned-2d22930a.js:53
[  138655ms] [LOG] [RfGanttUnversionedDnd] updateIssue-dates-response {issueId: 267, start_date: 2026-09-30, due_date: 2026-09-30, success: true, errors: null} @ https://flux-f6nlrqpvk49.forge.zehntech.com/assets/plugin_assets/redmineflux_gantt_plugin/rf_gantt_unversioned-2d22930a.js:53
[  138800ms] [LOG] [RfGanttUnversionedDnd] assignVersion-response {issueId: 267, versionId: 1, success: true, errors: null} @ https://flux-f6nlrqpvk49.forge.zehntech.com/assets/plugin_assets/redmineflux_gantt_plugin/rf_gantt_unversioned-2d22930a.js:53
[  138821ms] [LOG] [RfGanttUnversionedDnd] refresh-version-after-drop {versionId: 1, issueId: 267, showLoader: false} @ https://flux-f6nlrqpvk49.forge.zehntech.com/assets/plugin_assets/redmineflux_gantt_plugin/rf_gantt_unversioned-2d22930a.js:53
[  159571ms] [LOG] [RfGantt][CustomFields][VersionModal] lookup {rawFieldCount: 0, rawFields: Array(0), currentValues: Array(0), mergedFieldCount: 0, sanitizedFieldCount: 0} @ https://flux-f6nlrqpvk49.forge.zehntech.com/assets/plugin_assets/redmineflux_gantt_plugin/rf_gantt_modal-e46f5e12.js:570
[  159572ms] [LOG] [RfGantt][CustomFields][VersionModal] render {fieldCount: 0, fields: Array(0)} @ https://flux-f6nlrqpvk49.forge.zehntech.com/assets/plugin_assets/redmineflux_gantt_plugin/rf_gantt_modal-e46f5e12.js:532
[  178224ms] [LOG] [RfGantt][CustomFields][VersionModal] lookup {rawFieldCount: 0, rawFields: Array(0), currentValues: undefined, mergedFieldCount: 0, sanitizedFieldCount: 0} @ https://flux-f6nlrqpvk49.forge.zehntech.com/assets/plugin_assets/redmineflux_gantt_plugin/rf_gantt_modal-e46f5e12.js:570
