[    1427ms] [WARNING] %cEditor.js 2.26.5%c «blocks.stretchBlock()» is deprecated and will be removed in the next major release. Please use the «BlockAPI» instead. line-height: 1em;
            color: #006FEA;
            display: inline-block;
            font-size: 11px;
            line-height: 1em;
            background-color: #fff;
            padding: 4px 9px;
            border-radius: 30px;
            border: 1px solid rgba(56, 138, 229, 0.16);
            margin: 4px 5px 4px 0; color: inherit @ http://localhost:3012/assets/plugin_assets/redmineflux_helpdesk/editor-88895c04.js:277
[    1471ms] [LOG] %cEditor.js 2.26.5%c I'm ready! (ﾉ◕ヮ◕)ﾉ*:･ﾟ✧ line-height: 1em;
            color: #006FEA;
            display: inline-block;
            font-size: 11px;
            line-height: 1em;
            background-color: #fff;
            padding: 4px 9px;
            border-radius: 30px;
            border: 1px solid rgba(56, 138, 229, 0.16);
            margin: 4px 5px 4px 0; color: #E24A75 @ http://localhost:3012/assets/plugin_assets/redmineflux_helpdesk/editor-88895c04.js:277
[   31262ms] [LOG] Block «paragraph» skipped because saved data is invalid @ http://localhost:3012/assets/plugin_assets/redmineflux_helpdesk/editor-88895c04.js:277
[   31262ms] [LOG] Total @ http://localhost:3012/assets/plugin_assets/redmineflux_helpdesk/editor-88895c04.js:277
[   59992ms] [LOG] {text: Edited by edit-only permission test.} @ http://localhost:3012/assets/plugin_assets/redmineflux_helpdesk/editor-88895c04.js:277
[   59993ms] [LOG] Total @ http://localhost:3012/assets/plugin_assets/redmineflux_helpdesk/editor-88895c04.js:277
[   61266ms] [LOG] {text: Edited by edit-only permission test.} @ http://localhost:3012/assets/plugin_assets/redmineflux_helpdesk/editor-88895c04.js:277
[   61267ms] [LOG] Total @ http://localhost:3012/assets/plugin_assets/redmineflux_helpdesk/editor-88895c04.js:277
