[     511ms] [LOG] Initializing home page... @ http://localhost:3012/assets/plugin_assets/redmineflux_scarlet/home_page-35786af4.js:18
[     512ms] [LOG] Welcome header created @ http://localhost:3012/assets/plugin_assets/redmineflux_scarlet/home_page-35786af4.js:95
[    8256ms] [LOG] Initializing home page... @ http://localhost:3012/assets/plugin_assets/redmineflux_scarlet/home_page-35786af4.js:18
[    8256ms] [LOG] Welcome header created @ http://localhost:3012/assets/plugin_assets/redmineflux_scarlet/home_page-35786af4.js:95
[   29160ms] ReferenceError: keepAnchorOnSignIn is not defined
    at HTMLFormElement.onsubmit (http://localhost:3012/login:925:161)
[   29547ms] [LOG] Initializing home page... @ http://localhost:3012/assets/plugin_assets/redmineflux_scarlet/home_page-35786af4.js:18
[   29548ms] [LOG] Welcome header created @ http://localhost:3012/assets/plugin_assets/redmineflux_scarlet/home_page-35786af4.js:95
[  123663ms] Unexpected token ';'
[  123679ms] Identifier 'lastJstPreviewed' has already been declared
[  336696ms] [WARNING] %cEditor.js 2.26.5%c «blocks.stretchBlock()» is deprecated and will be removed in the next major release. Please use the «BlockAPI» instead. line-height: 1em;
            color: #006FEA;
            display: inline-block;
            font-size: 11px;
            line-height: 1em;
            background-color: #fff;
            padding: 4px 9px;
            border-radius: 30px;
            border: 1px solid rgba(56, 138, 229, 0.16);
            margin: 4px 5px 4px 0; color: inherit @ http://localhost:3012/assets/plugin_assets/redmineflux_helpdesk/editor-88895c04.js:277
[  336704ms] [LOG] %cEditor.js 2.26.5%c I'm ready! (ﾉ◕ヮ◕)ﾉ*:･ﾟ✧ line-height: 1em;
            color: #006FEA;
            display: inline-block;
            font-size: 11px;
            line-height: 1em;
            background-color: #fff;
            padding: 4px 9px;
            border-radius: 30px;
            border: 1px solid rgba(56, 138, 229, 0.16);
            margin: 4px 5px 4px 0; color: #E24A75 @ http://localhost:3012/assets/plugin_assets/redmineflux_helpdesk/editor-88895c04.js:277
[  530606ms] [LOG] Initializing home page... @ http://localhost:3012/assets/plugin_assets/redmineflux_scarlet/home_page-35786af4.js:18
[  530606ms] [LOG] Welcome header created @ http://localhost:3012/assets/plugin_assets/redmineflux_scarlet/home_page-35786af4.js:95
[  535080ms] ReferenceError: keepAnchorOnSignIn is not defined
    at HTMLFormElement.onsubmit (http://localhost:3012/login:925:161)
[  535305ms] [LOG] Initializing home page... @ http://localhost:3012/assets/plugin_assets/redmineflux_scarlet/home_page-35786af4.js:18
[  535305ms] [LOG] Welcome header created @ http://localhost:3012/assets/plugin_assets/redmineflux_scarlet/home_page-35786af4.js:95
[  540931ms] [ERROR] Failed to load resource: the server responded with a status of 404 (Not Found) @ http://localhost:3012/plugin_assets/redmineflux_scarlet/images/priority_medium.svg:0
[  542933ms] Identifier 'lastJstPreviewed' has already been declared
[  635047ms] Identifier 'lastJstPreviewed' has already been declared
[ 1270029ms] Identifier 'lastJstPreviewed' has already been declared
[ 1368501ms] Identifier 'lastJstPreviewed' has already been declared
[ 4063202ms] [ERROR] Failed to load resource: the server responded with a status of 404 (Not Found) @ http://localhost:3012/plugin_assets/redmineflux_checklist/javascripts/checklist_checkbox.js?_=1787743215713:0
[ 4063204ms] [ERROR] Failed to load resource: the server responded with a status of 404 (Not Found) @ http://localhost:3012/plugin_assets/redmineflux_checklist/javascripts/checklist.js?_=1787743215712:0
[ 4318779ms] [LOG] Initializing home page... @ http://localhost:3012/assets/plugin_assets/redmineflux_scarlet/home_page-35786af4.js:18
[ 4318779ms] [LOG] Welcome header created @ http://localhost:3012/assets/plugin_assets/redmineflux_scarlet/home_page-35786af4.js:95
[ 4336431ms] ReferenceError: keepAnchorOnSignIn is not defined
    at HTMLFormElement.onsubmit (http://localhost:3012/login:925:161)
[ 4336897ms] [LOG] Initializing home page... @ http://localhost:3012/assets/plugin_assets/redmineflux_scarlet/home_page-35786af4.js:18
[ 4336897ms] [LOG] Welcome header created @ http://localhost:3012/assets/plugin_assets/redmineflux_scarlet/home_page-35786af4.js:95
[ 4861017ms] [LOG] Initializing home page... @ http://localhost:3012/assets/plugin_assets/redmineflux_scarlet/home_page-35786af4.js:18
[ 4861017ms] [LOG] Welcome header created @ http://localhost:3012/assets/plugin_assets/redmineflux_scarlet/home_page-35786af4.js:95
[ 4879340ms] ReferenceError: keepAnchorOnSignIn is not defined
    at HTMLFormElement.onsubmit (http://localhost:3012/login:925:161)
[ 4879715ms] [LOG] Initializing home page... @ http://localhost:3012/assets/plugin_assets/redmineflux_scarlet/home_page-35786af4.js:18
[ 4879716ms] [LOG] Welcome header created @ http://localhost:3012/assets/plugin_assets/redmineflux_scarlet/home_page-35786af4.js:95
[ 4945826ms] [LOG] Initializing home page... @ http://localhost:3012/assets/plugin_assets/redmineflux_scarlet/home_page-35786af4.js:18
[ 4945826ms] [LOG] Welcome header created @ http://localhost:3012/assets/plugin_assets/redmineflux_scarlet/home_page-35786af4.js:95
[ 4963542ms] ReferenceError: keepAnchorOnSignIn is not defined
    at HTMLFormElement.onsubmit (http://localhost:3012/login:925:161)
[ 4963957ms] [LOG] Initializing home page... @ http://localhost:3012/assets/plugin_assets/redmineflux_scarlet/home_page-35786af4.js:18
[ 4963958ms] [LOG] Welcome header created @ http://localhost:3012/assets/plugin_assets/redmineflux_scarlet/home_page-35786af4.js:95
[ 4986566ms] Unexpected token ';'
[ 4986571ms] Identifier 'lastJstPreviewed' has already been declared
[ 5015506ms] [LOG] Initializing home page... @ http://localhost:3012/assets/plugin_assets/redmineflux_scarlet/home_page-35786af4.js:18
[ 5015506ms] [LOG] Welcome header created @ http://localhost:3012/assets/plugin_assets/redmineflux_scarlet/home_page-35786af4.js:95
[ 5033168ms] ReferenceError: keepAnchorOnSignIn is not defined
    at HTMLFormElement.onsubmit (http://localhost:3012/login:925:161)
[ 5033462ms] [LOG] Initializing home page... @ http://localhost:3012/assets/plugin_assets/redmineflux_scarlet/home_page-35786af4.js:18
[ 5033462ms] [LOG] Welcome header created @ http://localhost:3012/assets/plugin_assets/redmineflux_scarlet/home_page-35786af4.js:95
[ 5072715ms] Identifier 'lastJstPreviewed' has already been declared
[ 5099369ms] Identifier 'lastJstPreviewed' has already been declared
[ 5122772ms] [LOG] Initializing home page... @ http://localhost:3012/assets/plugin_assets/redmineflux_scarlet/home_page-35786af4.js:18
[ 5122773ms] [LOG] Welcome header created @ http://localhost:3012/assets/plugin_assets/redmineflux_scarlet/home_page-35786af4.js:95
[ 5142119ms] ReferenceError: keepAnchorOnSignIn is not defined
    at HTMLFormElement.onsubmit (http://localhost:3012/login:925:161)
[ 5142557ms] [LOG] Initializing home page... @ http://localhost:3012/assets/plugin_assets/redmineflux_scarlet/home_page-35786af4.js:18
[ 5142558ms] [LOG] Welcome header created @ http://localhost:3012/assets/plugin_assets/redmineflux_scarlet/home_page-35786af4.js:95
