[ 3447770ms] [LOG] ✅ Lazy loading initialized for 6 columns @ https://flux-fdrk6suoj49.forge.zehntech.com/assets/plugin_assets/agile_board/jira_board_adapter-1fb37674.js:1394
[ 3449749ms] [LOG] ✅ Lazy loading initialized for 6 columns @ https://flux-fdrk6suoj49.forge.zehntech.com/assets/plugin_assets/agile_board/jira_board_adapter-1fb37674.js:1394
[ 3451338ms] [ERROR] Failed to load resource: the server responded with a status of 403 () @ https://flux-fdrk6suoj49.forge.zehntech.com/my/remove_block?block=agile_board:0
[ 3452540ms] [LOG] ✅ Lazy loading initialized for 6 columns @ https://flux-fdrk6suoj49.forge.zehntech.com/assets/plugin_assets/agile_board/jira_board_adapter-1fb37674.js:1394
[ 3454024ms] [LOG] ✅ Lazy loading initialized for 6 columns @ https://flux-fdrk6suoj49.forge.zehntech.com/assets/plugin_assets/agile_board/jira_board_adapter-1fb37674.js:1394
[ 3454025ms] [LOG] 🚀 initGroupToggle called @ https://flux-fdrk6suoj49.forge.zehntech.com/assets/plugin_assets/agile_board/jira_board_adapter-1fb37674.js:2670
[ 3454026ms] [LOG] ✅ Board element found, attaching event listener @ https://flux-fdrk6suoj49.forge.zehntech.com/assets/plugin_assets/agile_board/jira_board_adapter-1fb37674.js:2678
[ 3454476ms] [ERROR] Failed to load resource: the server responded with a status of 403 () @ https://flux-fdrk6suoj49.forge.zehntech.com/assets/icons-0476c1d7.svg#icon--chevrons-right:0
[ 3454725ms] [ERROR] Failed to load resource: the server responded with a status of 403 () @ https://flux-fdrk6suoj49.forge.zehntech.com/issues/106:0
[ 3455347ms] Identifier 'lastJstPreviewed' has already been declared
[ 3455358ms] [ERROR] Failed to load resource: the server responded with a status of 403 () @ https://flux-fdrk6suoj49.forge.zehntech.com/assets/icons-0476c1d7.svg#icon--search:0
[ 3455408ms] [ERROR] Failed to load resource: the server responded with a status of 403 () @ https://flux-fdrk6suoj49.forge.zehntech.com/assets/icons-0476c1d7.svg#icon--checked:0
[ 3455423ms] [ERROR] Failed to load resource: the server responded with a status of 403 () @ https://flux-fdrk6suoj49.forge.zehntech.com/assets/icons-0476c1d7.svg#icon--loader:0
[ 3455848ms] [ERROR] Failed to load resource: the server responded with a status of 403 () @ https://flux-fdrk6suoj49.forge.zehntech.com/assets/icons-0476c1d7.svg#icon--search:0
[ 3455898ms] [LOG] ✅ Lazy loading initialized for 6 columns @ https://flux-fdrk6suoj49.forge.zehntech.com/assets/plugin_assets/agile_board/jira_board_adapter-1fb37674.js:1394
[ 3455898ms] [LOG] 🚀 initGroupToggle called @ https://flux-fdrk6suoj49.forge.zehntech.com/assets/plugin_assets/agile_board/jira_board_adapter-1fb37674.js:2670
[ 3455898ms] [LOG] ✅ Board element found, attaching event listener @ https://flux-fdrk6suoj49.forge.zehntech.com/assets/plugin_assets/agile_board/jira_board_adapter-1fb37674.js:2678
[ 3455943ms] [ERROR] Failed to load resource: the server responded with a status of 403 () @ https://flux-fdrk6suoj49.forge.zehntech.com/assets/icons-0476c1d7.svg#icon--:0
[ 3456408ms] [LOG] 💾 Cached original board HTML for quick restoration @ https://flux-fdrk6suoj49.forge.zehntech.com/assets/plugin_assets/agile_board/jira_board_adapter-1fb37674.js:2871
[ 3456695ms] [ERROR] Failed to load resource: the server responded with a status of 403 () @ https://flux-fdrk6suoj49.forge.zehntech.com/assets/icons-0476c1d7.svg#icon--search:0
[ 3456742ms] [ERROR] Failed to load resource: the server responded with a status of 403 () @ https://flux-fdrk6suoj49.forge.zehntech.com/assets/icons-0476c1d7.svg#icon--loader:0
[ 3457233ms] [ERROR] Failed to load resource: the server responded with a status of 403 () @ https://flux-fdrk6suoj49.forge.zehntech.com/assets/icons-0476c1d7.svg#icon--:0
[ 3457520ms] [ERROR] Failed to load resource: the server responded with a status of 404 () @ https://flux-fdrk6suoj49.forge.zehntech.com/assets/analytics_dashboard.css:0
[ 3457584ms] [ERROR] Failed to load resource: the server responded with a status of 403 () @ https://flux-fdrk6suoj49.forge.zehntech.com/assets/icons-0476c1d7.svg#icon--search:0
[ 3457667ms] [ERROR] Failed to load resource: the server responded with a status of 403 () @ https://flux-fdrk6suoj49.forge.zehntech.com/assets/icons-0476c1d7.svg#icon--loader:0
[ 3458485ms] [LOG] [RfGantt] rf_gantt_utils.js loaded @ https://flux-fdrk6suoj49.forge.zehntech.com/assets/plugin_assets/redmineflux_gantt_plugin/rf_gantt_utils-58e4489f.js:6
[ 3458498ms] [LOG] [RfGantt] rf_gantt_app.js loaded @ https://flux-fdrk6suoj49.forge.zehntech.com/assets/plugin_assets/redmineflux_gantt_plugin/rf_gantt_app-89211801.js:162
[ 3458503ms] [ERROR] Failed to load resource: the server responded with a status of 403 () @ https://flux-fdrk6suoj49.forge.zehntech.com/assets/icons-0476c1d7.svg#icon--search:0
[ 3458545ms] [LOG] [RfGantt] Initializing Global Flux Gantt... @ https://flux-fdrk6suoj49.forge.zehntech.com/assets/plugin_assets/redmineflux_gantt_plugin/rf_gantt_app-89211801.js:962
[ 3458546ms] [LOG] [RfGantt][CustomFields][Global] bootstrap {projectKeys: Array(9), trackerCount: 3} @ https://flux-fdrk6suoj49.forge.zehntech.com/assets/plugin_assets/redmineflux_gantt_plugin/rf_gantt_app-89211801.js:999
[ 3459498ms] [LOG] [RfGantt] rf_gantt_utils.js loaded @ https://flux-fdrk6suoj49.forge.zehntech.com/assets/plugin_assets/redmineflux_gantt_plugin/rf_gantt_utils-58e4489f.js:6
[ 3459512ms] [LOG] [RfGantt] rf_gantt_app.js loaded @ https://flux-fdrk6suoj49.forge.zehntech.com/assets/plugin_assets/redmineflux_gantt_plugin/rf_gantt_app-89211801.js:162
[ 3459520ms] [ERROR] Failed to load resource: the server responded with a status of 403 () @ https://flux-fdrk6suoj49.forge.zehntech.com/assets/icons-0476c1d7.svg#icon--search:0
[ 3459558ms] [LOG] [RfGantt] Initializing Flux Gantt Plugin... @ https://flux-fdrk6suoj49.forge.zehntech.com/assets/plugin_assets/redmineflux_gantt_plugin/rf_gantt_app-89211801.js:189
[ 3459559ms] [LOG] [RfGantt][CustomFields][Project] bootstrap {trackerCount: 3, issueCustomFieldTrackerKeys: Array(0), versionCustomFieldCount: 0} @ https://flux-fdrk6suoj49.forge.zehntech.com/assets/plugin_assets/redmineflux_gantt_plugin/rf_gantt_app-89211801.js:245
[ 3459606ms] [LOG] [RfGantt] Init complete. Fetching versions from /projects/fluxganttproject/flux_gantt/versions @ https://flux-fdrk6suoj49.forge.zehntech.com/assets/plugin_assets/redmineflux_gantt_plugin/rf_gantt_app-89211801.js:415
[ 3459704ms] [LOG] [RfGantt] Versions API response: {versions: Array(4), date_range: Object} @ https://flux-fdrk6suoj49.forge.zehntech.com/assets/plugin_assets/redmineflux_gantt_plugin/rf_gantt_app-89211801.js:418
[ 3459705ms] [LOG] [RfGantt] Loaded 4 versions @ https://flux-fdrk6suoj49.forge.zehntech.com/assets/plugin_assets/redmineflux_gantt_plugin/rf_gantt_app-89211801.js:420
[ 3459855ms] [ERROR] Failed to load resource: the server responded with a status of 403 () @ https://flux-fdrk6suoj49.forge.zehntech.com/projects/fluxganttproject/flux_gantt/relations:0
[ 3460229ms] [ERROR] Failed to load resource: the server responded with a status of 403 () @ https://flux-fdrk6suoj49.forge.zehntech.com/projects/fluxganttproject/flux_gantt/settings:0
[ 3460599ms] Identifier 'lastJstPreviewed' has already been declared
[ 3460606ms] [ERROR] Failed to load resource: the server responded with a status of 403 () @ https://flux-fdrk6suoj49.forge.zehntech.com/assets/icons-0476c1d7.svg#icon--search:0
[ 3460642ms] [ERROR] Failed to load resource: the server responded with a status of 403 () @ https://flux-fdrk6suoj49.forge.zehntech.com/assets/icons-0476c1d7.svg#icon--arrow-narrow-right:0
[ 3460690ms] [ERROR] Failed to load resource: the server responded with a status of 403 () @ https://flux-fdrk6suoj49.forge.zehntech.com/assets/icons-0476c1d7.svg#icon--del:0
[ 3460966ms] [ERROR] Failed to load resource: the server responded with a status of 403 () @ https://flux-fdrk6suoj49.forge.zehntech.com/assets/icons-0476c1d7.svg#icon--chevrons-right:0
[ 3460972ms] [ERROR] Failed to load resource: the server responded with a status of 403 () @ https://flux-fdrk6suoj49.forge.zehntech.com/assets/plugin_assets/redmineflux_lotus/tab-left-25fbea4a.svg:0
[ 3460975ms] [ERROR] Failed to load resource: the server responded with a status of 403 () @ https://flux-fdrk6suoj49.forge.zehntech.com/assets/plugin_assets/redmineflux_lotus/tab-right-6683641e.svg:0
[ 3461143ms] [ERROR] Failed to load resource: the server responded with a status of 403 () @ https://flux-fdrk6suoj49.forge.zehntech.com/settings/edit?tab=display:0
[ 3461980ms] [LOG] [RfGantt] rf_gantt_utils.js loaded @ https://flux-fdrk6suoj49.forge.zehntech.com/assets/plugin_assets/redmineflux_gantt_plugin/rf_gantt_utils-58e4489f.js:6
[ 3461983ms] [LOG] [RfGantt] rf_gantt_app.js loaded @ https://flux-fdrk6suoj49.forge.zehntech.com/assets/plugin_assets/redmineflux_gantt_plugin/rf_gantt_app-89211801.js:162
[ 3461987ms] [ERROR] Failed to load resource: the server responded with a status of 403 () @ https://flux-fdrk6suoj49.forge.zehntech.com/assets/icons-0476c1d7.svg#icon--search:0
[ 3461999ms] [LOG] [RfGantt] Initializing Flux Gantt Plugin... @ https://flux-fdrk6suoj49.forge.zehntech.com/assets/plugin_assets/redmineflux_gantt_plugin/rf_gantt_app-89211801.js:189
[ 3461999ms] [LOG] [RfGantt][CustomFields][Project] bootstrap {trackerCount: 3, issueCustomFieldTrackerKeys: Array(0), versionCustomFieldCount: 0} @ https://flux-fdrk6suoj49.forge.zehntech.com/assets/plugin_assets/redmineflux_gantt_plugin/rf_gantt_app-89211801.js:245
[ 3462021ms] [LOG] [RfGantt] Init complete. Fetching versions from /projects/fluxganttproject/flux_gantt/versions @ https://flux-fdrk6suoj49.forge.zehntech.com/assets/plugin_assets/redmineflux_gantt_plugin/rf_gantt_app-89211801.js:415
[ 3462051ms] [ERROR] Failed to load resource: the server responded with a status of 403 () @ https://flux-fdrk6suoj49.forge.zehntech.com/projects/fluxganttproject/flux_gantt/relations:0
[ 3462115ms] [LOG] [RfGantt] Versions API response: {versions: Array(4), date_range: Object} @ https://flux-fdrk6suoj49.forge.zehntech.com/assets/plugin_assets/redmineflux_gantt_plugin/rf_gantt_app-89211801.js:418
[ 3462115ms] [LOG] [RfGantt] Loaded 4 versions @ https://flux-fdrk6suoj49.forge.zehntech.com/assets/plugin_assets/redmineflux_gantt_plugin/rf_gantt_app-89211801.js:420
[ 3462797ms] Identifier 'lastJstPreviewed' has already been declared
[ 3462812ms] [ERROR] Failed to load resource: the server responded with a status of 403 () @ https://flux-fdrk6suoj49.forge.zehntech.com/assets/icons-0476c1d7.svg#icon--search:0
[ 3462951ms] [ERROR] Failed to load resource: the server responded with a status of 403 () @ https://flux-fdrk6suoj49.forge.zehntech.com/assets/icons-0476c1d7.svg#icon--checked:0
[ 3462965ms] [ERROR] Failed to load resource: the server responded with a status of 403 () @ https://flux-fdrk6suoj49.forge.zehntech.com/assets/icons-0476c1d7.svg#icon--loader:0
[ 3463157ms] Identifier 'lastJstPreviewed' has already been declared
[ 3463176ms] [ERROR] Failed to load resource: the server responded with a status of 403 () @ https://flux-fdrk6suoj49.forge.zehntech.com/assets/icons-0476c1d7.svg#icon--search:0
[ 3463203ms] [ERROR] Failed to load resource: the server responded with a status of 403 () @ https://flux-fdrk6suoj49.forge.zehntech.com/assets/icons-0476c1d7.svg#icon--checked:0
[ 3463212ms] [ERROR] Failed to load resource: the server responded with a status of 403 () @ https://flux-fdrk6suoj49.forge.zehntech.com/assets/icons-0476c1d7.svg#icon--:0
[ 3464056ms] [ERROR] Failed to load resource: the server responded with a status of 403 () @ https://flux-fdrk6suoj49.forge.zehntech.com/assets/icons-0476c1d7.svg#icon--search:0
[ 3464157ms] [ERROR] Failed to load resource: the server responded with a status of 403 () @ https://flux-fdrk6suoj49.forge.zehntech.com/assets/icons-0476c1d7.svg#icon--loader:0
[ 3464367ms] [ERROR] Failed to load resource: the server responded with a status of 403 () @ https://flux-fdrk6suoj49.forge.zehntech.com/assets/icons-0476c1d7.svg#icon--chevrons-right:0
[ 3464890ms] Identifier 'lastJstPreviewed' has already been declared
[ 3464913ms] [ERROR] Failed to load resource: the server responded with a status of 403 () @ https://flux-fdrk6suoj49.forge.zehntech.com/assets/icons-0476c1d7.svg#icon--search:0
[ 3464924ms] [ERROR] Failed to load resource: the server responded with a status of 403 () @ https://flux-fdrk6suoj49.forge.zehntech.com/assets/icons-0476c1d7.svg#icon--loader:0
[ 3465097ms] [ERROR] Failed to load resource: the server responded with a status of 403 () @ https://flux-fdrk6suoj49.forge.zehntech.com/assets/icons-0476c1d7.svg#icon--chevrons-right:0
[ 3466116ms] [ERROR] Failed to load resource: the server responded with a status of 403 () @ https://flux-fdrk6suoj49.forge.zehntech.com/settings/edit?tab=display:0
[ 3466988ms] [ERROR] Failed to load resource: the server responded with a status of 403 () @ https://flux-fdrk6suoj49.forge.zehntech.com/assets/icons-0476c1d7.svg#icon--search:0
[ 3467617ms] [ERROR] Failed to load resource: the server responded with a status of 403 () @ https://flux-fdrk6suoj49.forge.zehntech.com/assets/icons-0476c1d7.svg#icon--search:0
[ 3467666ms] [ERROR] Failed to load resource: the server responded with a status of 403 () @ https://flux-fdrk6suoj49.forge.zehntech.com/assets/icons-0476c1d7.svg#icon--loader:0
[ 3468225ms] Identifier 'lastJstPreviewed' has already been declared
[ 3468239ms] [ERROR] Failed to load resource: the server responded with a status of 403 () @ https://flux-fdrk6suoj49.forge.zehntech.com/assets/icons-0476c1d7.svg#icon--search:0
[ 3468276ms] [ERROR] Failed to load resource: the server responded with a status of 403 () @ https://flux-fdrk6suoj49.forge.zehntech.com/assets/icons-0476c1d7.svg#icon--edit:0
[ 3468289ms] [ERROR] Failed to load resource: the server responded with a status of 403 () @ https://flux-fdrk6suoj49.forge.zehntech.com/assets/icons-0476c1d7.svg#icon--edit:0
[ 3468852ms] [ERROR] Failed to load resource: the server responded with a status of 403 () @ https://flux-fdrk6suoj49.forge.zehntech.com/assets/icons-0476c1d7.svg#icon--search:0
[ 3468953ms] [ERROR] Failed to load resource: the server responded with a status of 403 () @ https://flux-fdrk6suoj49.forge.zehntech.com/assets/icons-0476c1d7.svg#icon--chevrons-right:0
[ 3469993ms] Identifier 'lastJstPreviewed' has already been declared
[ 3470006ms] [ERROR] Failed to load resource: the server responded with a status of 403 () @ https://flux-fdrk6suoj49.forge.zehntech.com/assets/icons-0476c1d7.svg#icon--search:0
[ 3470030ms] [ERROR] Failed to load resource: the server responded with a status of 403 () @ https://flux-fdrk6suoj49.forge.zehntech.com/assets/icons-0476c1d7.svg#icon--angle-left:0
[ 3470040ms] [ERROR] Failed to load resource: the server responded with a status of 403 () @ https://flux-fdrk6suoj49.forge.zehntech.com/assets/icons-0476c1d7.svg#icon--edit:0
[ 4258506ms] [ERROR] Failed to load resource: the server responded with a status of 403 () @ https://flux-fdrk6suoj49.forge.zehntech.com/issues/266?tab=time_entries:0
