[   26896ms] [WARNING] %cEditor.js 2.26.5%c «blocks.stretchBlock()» is deprecated and will be removed in the next major release. Please use the «BlockAPI» instead. line-height: 1em;
            color: #006FEA;
            display: inline-block;
            font-size: 11px;
            line-height: 1em;
            background-color: #fff;
            padding: 4px 9px;
            border-radius: 30px;
            border: 1px solid rgba(56, 138, 229, 0.16);
            margin: 4px 5px 4px 0; color: inherit @ http://localhost:3012/assets/plugin_assets/redmineflux_helpdesk/editor-88895c04.js:277
[   26925ms] [LOG] %cEditor.js 2.26.5%c I'm ready! (ﾉ◕ヮ◕)ﾉ*:･ﾟ✧ line-height: 1em;
            color: #006FEA;
            display: inline-block;
            font-size: 11px;
            line-height: 1em;
            background-color: #fff;
            padding: 4px 9px;
            border-radius: 30px;
            border: 1px solid rgba(56, 138, 229, 0.16);
            margin: 4px 5px 4px 0; color: #E24A75 @ http://localhost:3012/assets/plugin_assets/redmineflux_helpdesk/editor-88895c04.js:277
[  116815ms] [LOG] Block «paragraph» skipped because saved data is invalid @ http://localhost:3012/assets/plugin_assets/redmineflux_helpdesk/editor-88895c04.js:277
[  116816ms] [LOG] Total %o 0.09999999403953552 @ http://localhost:3012/assets/plugin_assets/redmineflux_helpdesk/editor-88895c04.js:271
[  146811ms] [LOG] {text: Edited content for TC-HLP-207 permission test.} @ http://localhost:3012/assets/plugin_assets/redmineflux_helpdesk/editor-88895c04.js:277
[  146811ms] [LOG] Total @ http://localhost:3012/assets/plugin_assets/redmineflux_helpdesk/editor-88895c04.js:277
[  154213ms] [LOG] {text: Edited content for TC-HLP-207 permission test.} @ http://localhost:3012/assets/plugin_assets/redmineflux_helpdesk/editor-88895c04.js:277
[  154213ms] [LOG] Total @ http://localhost:3012/assets/plugin_assets/redmineflux_helpdesk/editor-88895c04.js:277
[  154214ms] [LOG] {text: Edited content for TC-HLP-207 permission test.} @ http://localhost:3012/assets/plugin_assets/redmineflux_helpdesk/editor-88895c04.js:277
[  154214ms] [LOG] Total %o 0.09999999403953552 @ http://localhost:3012/assets/plugin_assets/redmineflux_helpdesk/editor-88895c04.js:271
[  176802ms] [LOG] {text: Edited content for TC-HLP-207 permission test.} @ http://localhost:3012/assets/plugin_assets/redmineflux_helpdesk/editor-88895c04.js:277
[  176803ms] [LOG] Total @ http://localhost:3012/assets/plugin_assets/redmineflux_helpdesk/editor-88895c04.js:277
