[  900814ms] Identifier 'lastJstPreviewed' has already been declared
[  918874ms] Identifier 'lastJstPreviewed' has already been declared
[  946124ms] Identifier 'lastJstPreviewed' has already been declared
[  989116ms] Identifier 'lastJstPreviewed' has already been declared
[ 1002669ms] Identifier 'lastJstPreviewed' has already been declared
[ 1018546ms] Identifier 'lastJstPreviewed' has already been declared
[ 1023090ms] Identifier 'lastJstPreviewed' has already been declared
[ 1096094ms] [LOG] Initializing home page... @ http://localhost:3012/assets/plugin_assets/redmineflux_scarlet/home_page-35786af4.js:18
[ 1096095ms] [LOG] Welcome header created @ http://localhost:3012/assets/plugin_assets/redmineflux_scarlet/home_page-35786af4.js:95
[ 1106130ms] ReferenceError: keepAnchorOnSignIn is not defined
    at HTMLFormElement.onsubmit (http://localhost:3012/login:960:161)
[ 1106473ms] [LOG] Initializing home page... @ http://localhost:3012/assets/plugin_assets/redmineflux_scarlet/home_page-35786af4.js:18
[ 1106474ms] [LOG] Welcome header created @ http://localhost:3012/assets/plugin_assets/redmineflux_scarlet/home_page-35786af4.js:95
[ 1112249ms] Unexpected token ';'
[ 1112250ms] Identifier 'lastJstPreviewed' has already been declared
[ 1118844ms] [LOG] Initializing home page... @ http://localhost:3012/assets/plugin_assets/redmineflux_scarlet/home_page-35786af4.js:18
[ 1118844ms] [LOG] Welcome header created @ http://localhost:3012/assets/plugin_assets/redmineflux_scarlet/home_page-35786af4.js:95
[ 1124355ms] ReferenceError: keepAnchorOnSignIn is not defined
    at HTMLFormElement.onsubmit (http://localhost:3012/login:960:161)
[ 1140369ms] ReferenceError: keepAnchorOnSignIn is not defined
    at HTMLFormElement.onsubmit (http://localhost:3012/login:963:161)
[ 1150281ms] ReferenceError: keepAnchorOnSignIn is not defined
    at HTMLFormElement.onsubmit (http://localhost:3012/login:963:161)
[ 1150956ms] [LOG] Initializing home page... @ http://localhost:3012/assets/plugin_assets/redmineflux_scarlet/home_page-35786af4.js:18
[ 1150956ms] [LOG] Welcome header created @ http://localhost:3012/assets/plugin_assets/redmineflux_scarlet/home_page-35786af4.js:95
[ 1156233ms] [ERROR] Failed to load resource: the server responded with a status of 404 (Not Found) @ http://localhost:3012/plugin_assets/redmineflux_scarlet/images/priority_medium.svg:0
[ 1158603ms] Identifier 'lastJstPreviewed' has already been declared
[ 1163926ms] Identifier 'lastJstPreviewed' has already been declared
[ 1172244ms] Identifier 'lastJstPreviewed' has already been declared
[ 1185895ms] Identifier 'lastJstPreviewed' has already been declared
[ 1219500ms] [ERROR] Failed to load resource: the server responded with a status of 404 (Not Found) @ http://localhost:3012/plugin_assets/redmineflux_scarlet/images/priority_medium.svg:0
