[  565897ms] [VERBOSE] [DOM] Input elements should have autocomplete attributes (suggested: "username"): (More info: https://goo.gl/9p2vKq) %o @ https://flux-fudbk2hlu49.forge.zehntech.com/rf_customers/new:0
[  574713ms] [LOG] Initializing home page... @ https://flux-fudbk2hlu49.forge.zehntech.com/assets/plugin_assets/redmineflux_scarlet/home_page-34f82631.js:18
[  574714ms] [LOG] Welcome header created @ https://flux-fudbk2hlu49.forge.zehntech.com/assets/plugin_assets/redmineflux_scarlet/home_page-34f82631.js:95
[  580311ms] ReferenceError: keepAnchorOnSignIn is not defined
    at HTMLFormElement.onsubmit (https://flux-fudbk2hlu49.forge.zehntech.com/login:925:161)
[  688756ms] ReferenceError: keepAnchorOnSignIn is not defined
    at HTMLFormElement.onsubmit (https://flux-fudbk2hlu49.forge.zehntech.com/login:928:161)
[  688879ms] [ERROR] Failed to load resource: the server responded with a status of 422 () @ https://flux-fudbk2hlu49.forge.zehntech.com/login:0
[  688923ms] [ERROR] Failed to load resource: the server responded with a status of 404 () @ https://flux-fudbk2hlu49.forge.zehntech.com/assets/plugin_assets/redmineflux_scarlet/scarlet_login.js:0
[  688926ms] [ERROR] Failed to load resource: the server responded with a status of 404 () @ https://flux-fudbk2hlu49.forge.zehntech.com/assets/plugin_assets/redmineflux_scarlet/scarlet_login.css:0
[  696766ms] ReferenceError: keepAnchorOnSignIn is not defined
    at HTMLFormElement.onsubmit (https://flux-fudbk2hlu49.forge.zehntech.com/login:925:161)
[  710788ms] [VERBOSE] [DOM] Input elements should have autocomplete attributes (suggested: "username"): (More info: https://goo.gl/9p2vKq) %o @ https://flux-fudbk2hlu49.forge.zehntech.com/rf_customers/27/edit:0
[  725902ms] [LOG] Initializing home page... @ https://flux-fudbk2hlu49.forge.zehntech.com/assets/plugin_assets/redmineflux_scarlet/home_page-34f82631.js:18
[  725903ms] [LOG] Welcome header created @ https://flux-fudbk2hlu49.forge.zehntech.com/assets/plugin_assets/redmineflux_scarlet/home_page-34f82631.js:95
[  734828ms] ReferenceError: keepAnchorOnSignIn is not defined
    at HTMLFormElement.onsubmit (https://flux-fudbk2hlu49.forge.zehntech.com/login:925:161)
[  735122ms] [VERBOSE] [DOM] Password forms should have (optionally hidden) username fields for accessibility: (More info: https://goo.gl/9p2vKq) %o @ https://flux-fudbk2hlu49.forge.zehntech.com/my/password:0
[  746997ms] [VERBOSE] [DOM] Password forms should have (optionally hidden) username fields for accessibility: (More info: https://goo.gl/9p2vKq) %o @ https://flux-fudbk2hlu49.forge.zehntech.com/my/password:0
[  769708ms] [WARNING] %cEditor.js 2.26.5%c «blocks.stretchBlock()» is deprecated and will be removed in the next major release. Please use the «BlockAPI» instead. line-height: 1em;
            color: #006FEA;
            display: inline-block;
            font-size: 11px;
            line-height: 1em;
            background-color: #fff;
            padding: 4px 9px;
            border-radius: 30px;
            border: 1px solid rgba(56, 138, 229, 0.16);
            margin: 4px 5px 4px 0; color: inherit @ https://flux-fudbk2hlu49.forge.zehntech.com/assets/plugin_assets/redmineflux_helpdesk/editor-74eaab99.js:277
[  769720ms] [LOG] %cEditor.js 2.26.5%c I'm ready! (ﾉ◕ヮ◕)ﾉ*:･ﾟ✧ line-height: 1em;
            color: #006FEA;
            display: inline-block;
            font-size: 11px;
            line-height: 1em;
            background-color: #fff;
            padding: 4px 9px;
            border-radius: 30px;
            border: 1px solid rgba(56, 138, 229, 0.16);
            margin: 4px 5px 4px 0; color: #E24A75 @ https://flux-fudbk2hlu49.forge.zehntech.com/assets/plugin_assets/redmineflux_helpdesk/editor-74eaab99.js:277
[ 1103393ms] [LOG] Initializing home page... @ https://flux-fudbk2hlu49.forge.zehntech.com/assets/plugin_assets/redmineflux_scarlet/home_page-34f82631.js:18
[ 1103394ms] [LOG] Welcome header created @ https://flux-fudbk2hlu49.forge.zehntech.com/assets/plugin_assets/redmineflux_scarlet/home_page-34f82631.js:95
[ 1112499ms] [LOG] Initializing home page... @ https://flux-fudbk2hlu49.forge.zehntech.com/assets/plugin_assets/redmineflux_scarlet/home_page-34f82631.js:18
[ 1112499ms] [LOG] Welcome header created @ https://flux-fudbk2hlu49.forge.zehntech.com/assets/plugin_assets/redmineflux_scarlet/home_page-34f82631.js:95
[ 1121775ms] [LOG] Initializing home page... @ https://flux-fudbk2hlu49.forge.zehntech.com/assets/plugin_assets/redmineflux_scarlet/home_page-34f82631.js:18
[ 1121775ms] [LOG] Welcome header created @ https://flux-fudbk2hlu49.forge.zehntech.com/assets/plugin_assets/redmineflux_scarlet/home_page-34f82631.js:95
