[     306ms] Identifier 'lastJstPreviewed' has already been declared
[     546ms] [ERROR] Failed to load resource: the server responded with a status of 404 () @ https://flux-f3lnytazd49.forge.zehntech.com/assets/plugin_assets/redmineflux_lotus/plus-d08c3110.svg:0
[   61442ms] [ERROR] Failed to load resource: the server responded with a status of 422 () @ https://flux-f3lnytazd49.forge.zehntech.com/issues/114/update_field.json:0
[   69225ms] SyntaxError: Failed to execute 'appendChild' on 'Node': Unexpected token '<'
    at m (https://flux-f3lnytazd49.forge.zehntech.com/assets/jquery-3.7.1-ui-1.13.3-3ca148b8.js:2:880)
    at ce.globalEval (https://flux-f3lnytazd49.forge.zehntech.com/assets/jquery-3.7.1-ui-1.13.3-3ca148b8.js:2:3031)
    at text script (https://flux-f3lnytazd49.forge.zehntech.com/assets/jquery-3.7.1-ui-1.13.3-3ca148b8.js:2:80994)
    at https://flux-f3lnytazd49.forge.zehntech.com/assets/jquery-3.7.1-ui-1.13.3-3ca148b8.js:2:77349
    at l (https://flux-f3lnytazd49.forge.zehntech.com/assets/jquery-3.7.1-ui-1.13.3-3ca148b8.js:2:77466)
    at XMLHttpRequest.<anonymous> (https://flux-f3lnytazd49.forge.zehntech.com/assets/jquery-3.7.1-ui-1.13.3-3ca148b8.js:2:80265)
[   70835ms] Identifier 'lastJstPreviewed' has already been declared
[   76135ms] Identifier 'lastJstPreviewed' has already been declared
[   85821ms] [LOG] /issues/114?tab=checklist_history @ https://flux-f3lnytazd49.forge.zehntech.com/issues/114:1178
[   98595ms] SyntaxError: Failed to execute 'appendChild' on 'Node': Unexpected token '<'
    at m (https://flux-f3lnytazd49.forge.zehntech.com/assets/jquery-3.7.1-ui-1.13.3-3ca148b8.js:2:880)
    at ce.globalEval (https://flux-f3lnytazd49.forge.zehntech.com/assets/jquery-3.7.1-ui-1.13.3-3ca148b8.js:2:3031)
    at text script (https://flux-f3lnytazd49.forge.zehntech.com/assets/jquery-3.7.1-ui-1.13.3-3ca148b8.js:2:80994)
    at https://flux-f3lnytazd49.forge.zehntech.com/assets/jquery-3.7.1-ui-1.13.3-3ca148b8.js:2:77349
    at l (https://flux-f3lnytazd49.forge.zehntech.com/assets/jquery-3.7.1-ui-1.13.3-3ca148b8.js:2:77466)
    at XMLHttpRequest.<anonymous> (https://flux-f3lnytazd49.forge.zehntech.com/assets/jquery-3.7.1-ui-1.13.3-3ca148b8.js:2:80265)
[  100580ms] Identifier 'lastJstPreviewed' has already been declared
[  123436ms] Identifier 'lastJstPreviewed' has already been declared
[  278006ms] Identifier 'lastJstPreviewed' has already been declared
[  351133ms] Identifier 'lastJstPreviewed' has already been declared
[  355280ms] [WARNING] No tags found for: erwterwtwert @ https://flux-f3lnytazd49.forge.zehntech.com/issues/106:562
[  356323ms] Identifier 'lastJstPreviewed' has already been declared
