[     287ms] Identifier 'lastJstPreviewed' has already been declared
[  490965ms] [LOG] Initializing home page... @ http://localhost:3012/assets/plugin_assets/redmineflux_scarlet/home_page-35786af4.js:18
[  490965ms] [LOG] Welcome header created @ http://localhost:3012/assets/plugin_assets/redmineflux_scarlet/home_page-35786af4.js:95
[  506726ms] ReferenceError: keepAnchorOnSignIn is not defined
    at HTMLFormElement.onsubmit (http://localhost:3012/login:960:161)
[  507053ms] [LOG] Initializing home page... @ http://localhost:3012/assets/plugin_assets/redmineflux_scarlet/home_page-35786af4.js:18
[  507054ms] [LOG] Welcome header created @ http://localhost:3012/assets/plugin_assets/redmineflux_scarlet/home_page-35786af4.js:95
[  515087ms] [ERROR] Failed to load resource: the server responded with a status of 404 (Not Found) @ http://localhost:3012/plugin_assets/redmineflux_scarlet/images/priority_medium.svg:0
[  515088ms] [ERROR] Failed to load resource: the server responded with a status of 404 (Not Found) @ http://localhost:3012/plugin_assets/redmineflux_scarlet/images/priority_high.svg:0
[  518797ms] Identifier 'lastJstPreviewed' has already been declared
[  524437ms] Identifier 'lastJstPreviewed' has already been declared
[  533812ms] Identifier 'lastJstPreviewed' has already been declared
[  544939ms] Identifier 'lastJstPreviewed' has already been declared
[  578476ms] Identifier 'lastJstPreviewed' has already been declared
[  580013ms] Identifier 'lastJstPreviewed' has already been declared
[  607539ms] Identifier 'lastJstPreviewed' has already been declared
[  608803ms] Identifier 'lastJstPreviewed' has already been declared
[  631118ms] Identifier 'lastJstPreviewed' has already been declared
[  634334ms] Identifier 'lastJstPreviewed' has already been declared
[  647642ms] Identifier 'lastJstPreviewed' has already been declared
[  648971ms] Identifier 'lastJstPreviewed' has already been declared
[  650355ms] Identifier 'lastJstPreviewed' has already been declared
[  654654ms] Identifier 'lastJstPreviewed' has already been declared
[  681128ms] Identifier 'lastJstPreviewed' has already been declared
[  698379ms] Identifier 'lastJstPreviewed' has already been declared
[  726281ms] Identifier 'lastJstPreviewed' has already been declared
[  738350ms] Identifier 'lastJstPreviewed' has already been declared
[  740806ms] Identifier 'lastJstPreviewed' has already been declared
[  742122ms] Identifier 'lastJstPreviewed' has already been declared
[  743130ms] Identifier 'lastJstPreviewed' has already been declared
[  743812ms] Identifier 'lastJstPreviewed' has already been declared
[  745241ms] Identifier 'lastJstPreviewed' has already been declared
[  746235ms] Identifier 'lastJstPreviewed' has already been declared
[  747213ms] Identifier 'lastJstPreviewed' has already been declared
[  748063ms] Identifier 'lastJstPreviewed' has already been declared
[  750964ms] Identifier 'lastJstPreviewed' has already been declared
[  752316ms] Identifier 'lastJstPreviewed' has already been declared
[  799443ms] Identifier 'lastJstPreviewed' has already been declared
[  801065ms] Identifier 'lastJstPreviewed' has already been declared
[  802225ms] Identifier 'lastJstPreviewed' has already been declared
[  803017ms] Identifier 'lastJstPreviewed' has already been declared
[  806671ms] Identifier 'lastJstPreviewed' has already been declared
[  812067ms] Identifier 'lastJstPreviewed' has already been declared
[  819622ms] Identifier 'lastJstPreviewed' has already been declared
[  834508ms] Identifier 'lastJstPreviewed' has already been declared
[  868830ms] Identifier 'lastJstPreviewed' has already been declared
[  872495ms] Identifier 'lastJstPreviewed' has already been declared
[  941944ms] [LOG] Initializing home page... @ http://localhost:3012/assets/plugin_assets/redmineflux_scarlet/home_page-35786af4.js:18
[  941945ms] [LOG] Welcome header created @ http://localhost:3012/assets/plugin_assets/redmineflux_scarlet/home_page-35786af4.js:95
[  953534ms] Identifier 'lastJstPreviewed' has already been declared
