[     980ms] [LOG] Initializing home page... @ http://localhost:3012/assets/plugin_assets/redmineflux_scarlet/home_page-35786af4.js:18
[     981ms] [LOG] Welcome header created @ http://localhost:3012/assets/plugin_assets/redmineflux_scarlet/home_page-35786af4.js:95
[    1098ms] [ERROR] Failed to load resource: the server responded with a status of 404 (Not Found) @ http://localhost:3012/favicon/favicon.png:0
[   11538ms] [ERROR] Failed to load resource: the server responded with a status of 404 (Not Found) @ http://localhost:3012/favicon.ico:0
[   26090ms] ReferenceError: keepAnchorOnSignIn is not defined
    at HTMLFormElement.onsubmit (http://localhost:3012/login:925:161)
[   26520ms] [LOG] Initializing home page... @ http://localhost:3012/assets/plugin_assets/redmineflux_scarlet/home_page-35786af4.js:18
[   26520ms] [LOG] Welcome header created @ http://localhost:3012/assets/plugin_assets/redmineflux_scarlet/home_page-35786af4.js:95
[   73447ms] Identifier 'lastJstPreviewed' has already been declared
[  161246ms] Identifier 'lastJstPreviewed' has already been declared
[  177957ms] Identifier 'lastJstPreviewed' has already been declared
[  198064ms] [ERROR] Failed to load resource: net::ERR_EMPTY_RESPONSE @ http://localhost:3012/time_tracker/get_running_timer:0
[  203056ms] [ERROR] Failed to load resource: net::ERR_EMPTY_RESPONSE @ http://localhost:3012/time_tracker/get_running_timer:0
[  208054ms] [ERROR] Failed to load resource: net::ERR_EMPTY_RESPONSE @ http://localhost:3012/time_tracker/get_running_timer:0
[  213057ms] [ERROR] Failed to load resource: net::ERR_EMPTY_RESPONSE @ http://localhost:3012/time_tracker/get_running_timer:0
[  218063ms] [ERROR] Failed to load resource: net::ERR_EMPTY_RESPONSE @ http://localhost:3012/time_tracker/get_running_timer:0
[  223064ms] [ERROR] Failed to load resource: net::ERR_EMPTY_RESPONSE @ http://localhost:3012/time_tracker/get_running_timer:0
[  228073ms] [ERROR] Failed to load resource: net::ERR_EMPTY_RESPONSE @ http://localhost:3012/time_tracker/get_running_timer:0
[  233060ms] [ERROR] Failed to load resource: net::ERR_EMPTY_RESPONSE @ http://localhost:3012/time_tracker/get_running_timer:0
[  238066ms] [ERROR] Failed to load resource: net::ERR_EMPTY_RESPONSE @ http://localhost:3012/time_tracker/get_running_timer:0
[  243055ms] [ERROR] Failed to load resource: net::ERR_EMPTY_RESPONSE @ http://localhost:3012/time_tracker/get_running_timer:0
